Archive member included to satisfy reference by file (symbol)

build//apps-sdk/gloss//libgloss.a(app_start.o)
                              build//apps-sdk/gloss//crt0.o (app_start)
/Users/fid/ecp5-toolchain/bin/../lib/gcc/riscv64-unknown-elf/8.3.0/../../../../riscv64-unknown-elf/lib/rv32imac/ilp32/libc.a(lib_a-fopen.o)
                              /Users/fid/badge/hadbadge2019_workshops/basic/app-GOL4/build/main.o (symbol from plugin) (fopen)
/Users/fid/ecp5-toolchain/bin/../lib/gcc/riscv64-unknown-elf/8.3.0/../../../../riscv64-unknown-elf/lib/rv32imac/ilp32/libc.a(lib_a-fseek.o)
                              /Users/fid/ecp5-toolchain/bin/../lib/gcc/riscv64-unknown-elf/8.3.0/../../../../riscv64-unknown-elf/lib/rv32imac/ilp32/libc.a(lib_a-fopen.o) (_fseek_r)
/Users/fid/ecp5-toolchain/bin/../lib/gcc/riscv64-unknown-elf/8.3.0/../../../../riscv64-unknown-elf/lib/rv32imac/ilp32/libc.a(lib_a-fseeko.o)
                              /Users/fid/ecp5-toolchain/bin/../lib/gcc/riscv64-unknown-elf/8.3.0/../../../../riscv64-unknown-elf/lib/rv32imac/ilp32/libc.a(lib_a-fseek.o) (_fseeko_r)
/Users/fid/ecp5-toolchain/bin/../lib/gcc/riscv64-unknown-elf/8.3.0/../../../../riscv64-unknown-elf/lib/rv32imac/ilp32/libc.a(lib_a-fstatr.o)
                              /Users/fid/ecp5-toolchain/bin/../lib/gcc/riscv64-unknown-elf/8.3.0/../../../../riscv64-unknown-elf/lib/rv32imac/ilp32/libc.a(lib_a-fseeko.o) (_fstat_r)
/Users/fid/ecp5-toolchain/bin/../lib/gcc/riscv64-unknown-elf/8.3.0/../../../../riscv64-unknown-elf/lib/rv32imac/ilp32/libc.a(lib_a-impure.o)
                              /Users/fid/ecp5-toolchain/bin/../lib/gcc/riscv64-unknown-elf/8.3.0/../../../../riscv64-unknown-elf/lib/rv32imac/ilp32/libc.a(lib_a-fopen.o) (_impure_ptr)
/Users/fid/ecp5-toolchain/bin/../lib/gcc/riscv64-unknown-elf/8.3.0/../../../../riscv64-unknown-elf/lib/rv32imac/ilp32/libc.a(lib_a-makebuf.o)
                              /Users/fid/ecp5-toolchain/bin/../lib/gcc/riscv64-unknown-elf/8.3.0/../../../../riscv64-unknown-elf/lib/rv32imac/ilp32/libc.a(lib_a-fseeko.o) (__smakebuf_r)
/Users/fid/ecp5-toolchain/bin/../lib/gcc/riscv64-unknown-elf/8.3.0/../../../../riscv64-unknown-elf/lib/rv32imac/ilp32/libc.a(lib_a-mallocr.o)
                              /Users/fid/ecp5-toolchain/bin/../lib/gcc/riscv64-unknown-elf/8.3.0/../../../../riscv64-unknown-elf/lib/rv32imac/ilp32/libc.a(lib_a-makebuf.o) (_malloc_r)
/Users/fid/ecp5-toolchain/bin/../lib/gcc/riscv64-unknown-elf/8.3.0/../../../../riscv64-unknown-elf/lib/rv32imac/ilp32/libc.a(lib_a-memset.o)
                              /Users/fid/ecp5-toolchain/bin/../lib/gcc/riscv64-unknown-elf/8.3.0/../../../../riscv64-unknown-elf/lib/rv32imac/ilp32/libc.a(lib_a-fseeko.o) (memset)
/Users/fid/ecp5-toolchain/bin/../lib/gcc/riscv64-unknown-elf/8.3.0/../../../../riscv64-unknown-elf/lib/rv32imac/ilp32/libc.a(lib_a-mlock.o)
                              /Users/fid/ecp5-toolchain/bin/../lib/gcc/riscv64-unknown-elf/8.3.0/../../../../riscv64-unknown-elf/lib/rv32imac/ilp32/libc.a(lib_a-mallocr.o) (__malloc_lock)
/Users/fid/ecp5-toolchain/bin/../lib/gcc/riscv64-unknown-elf/8.3.0/../../../../riscv64-unknown-elf/lib/rv32imac/ilp32/libc.a(lib_a-openr.o)
                              /Users/fid/ecp5-toolchain/bin/../lib/gcc/riscv64-unknown-elf/8.3.0/../../../../riscv64-unknown-elf/lib/rv32imac/ilp32/libc.a(lib_a-fopen.o) (_open_r)
/Users/fid/ecp5-toolchain/bin/../lib/gcc/riscv64-unknown-elf/8.3.0/../../../../riscv64-unknown-elf/lib/rv32imac/ilp32/libc.a(lib_a-rand.o)
                              /Users/fid/badge/hadbadge2019_workshops/basic/app-GOL4/build/main.o (symbol from plugin) (srand)
/Users/fid/ecp5-toolchain/bin/../lib/gcc/riscv64-unknown-elf/8.3.0/../../../../riscv64-unknown-elf/lib/rv32imac/ilp32/libc.a(lib_a-reent.o)
                              /Users/fid/ecp5-toolchain/bin/../lib/gcc/riscv64-unknown-elf/8.3.0/../../../../riscv64-unknown-elf/lib/rv32imac/ilp32/libc.a(lib_a-fstatr.o) (errno)
/Users/fid/ecp5-toolchain/bin/../lib/gcc/riscv64-unknown-elf/8.3.0/../../../../riscv64-unknown-elf/lib/rv32imac/ilp32/libc.a(lib_a-refill.o)
                              /Users/fid/ecp5-toolchain/bin/../lib/gcc/riscv64-unknown-elf/8.3.0/../../../../riscv64-unknown-elf/lib/rv32imac/ilp32/libc.a(lib_a-fseeko.o) (__srefill_r)
/Users/fid/ecp5-toolchain/bin/../lib/gcc/riscv64-unknown-elf/8.3.0/../../../../riscv64-unknown-elf/lib/rv32imac/ilp32/libc.a(lib_a-sbrkr.o)
                              /Users/fid/ecp5-toolchain/bin/../lib/gcc/riscv64-unknown-elf/8.3.0/../../../../riscv64-unknown-elf/lib/rv32imac/ilp32/libc.a(lib_a-mallocr.o) (_sbrk_r)
/Users/fid/ecp5-toolchain/bin/../lib/gcc/riscv64-unknown-elf/8.3.0/../../../../riscv64-unknown-elf/lib/rv32imac/ilp32/libc.a(lib_a-setvbuf.o)
                              /Users/fid/badge/hadbadge2019_workshops/basic/app-GOL4/build/main.o (symbol from plugin) (setvbuf)
[...]
Memory Configuration

Name             Origin             Length             Attributes
ram              0x0000000040100000 0x0000000000700000
*default*        0x0000000000000000 0xffffffffffffffff

Linker script and memory map

LOAD /var/folders/x4/hzyyfx6s4kbc2d71lsj4_rzr0000gn/T//ccLkmkuDdebugobj
LOAD /var/folders/x4/hzyyfx6s4kbc2d71lsj4_rzr0000gn/T//ccoXGLc2.ltrans0.ltrans.o
LOAD /Users/fid/badge/hadbadge2019_workshops/basic/app-GOL4/build/GOLbak.png.o
LOAD /Users/fid/badge/hadbadge2019_workshops/basic/app-GOL4/build/tileset.png.o

.vectors        0x0000000040100000        0x4
                0x0000000040100000                . = ORIGIN (ram)
                0x0000000040100000                _bin_start = .
 crt0.o(.text)
 .text          0x0000000040100000        0x4 build//apps-sdk/gloss//crt0.o
                0x0000000040100000                _start

.text           0x0000000040100004     0xf196
 int*(.text)
 *(.text)
 .text          0x0000000040100004      0xbf0 /var/folders/x4/hzyyfx6s4kbc2d71lsj4_rzr0000gn/T//ccoXGLc2.ltrans0.ltrans.o
                0x0000000040100bcc                app_start
 .text          0x0000000040100bf4       0xca /Users/fid/ecp5-toolchain/bin/../lib/gcc/riscv64-unknown-elf/8.3.0/../../../../riscv64-unknown-elf/lib/rv32imac/ilp32/libc.a(lib_a-fopen.o)
                0x0000000040100bf4                _fopen_r
                0x0000000040100cae                fopen
 .text          0x0000000040100cbe       0x14 /Users/fid/ecp5-toolchain/bin/../lib/gcc/riscv64-unknown-elf/8.3.0/../../../../riscv64-unknown-elf/lib/rv32imac/ilp32/libc.a(lib_a-fseek.o)
                0x0000000040100cbe                _fseek_r
                0x0000000040100cc0                fseek
 .text          0x0000000040100cd2      0x322 /Users/fid/ecp5-toolchain/bin/../lib/gcc/riscv64-unknown-elf/8.3.0/../../../../riscv64-unknown-elf/lib/rv32imac/ilp32/libc.a(lib_a-fseeko.o)
                0x0000000040100cd2                _fseeko_r
                0x0000000040100fe2                fseeko
 .text          0x0000000040100ff4       0x3e /Users/fid/ecp5-toolchain/bin/../lib/gcc/riscv64-unknown-elf/8.3.0/../../../../riscv64-unknown-elf/lib/rv32imac/ilp32/libc.a(lib_a-fstatr.o)
                0x0000000040100ff4                _fstat_r
 .text          0x0000000040101032      0x134 /Users/fid/ecp5-toolchain/bin/../lib/gcc/riscv64-unknown-elf/8.3.0/../../../../riscv64-unknown-elf/lib/rv32imac/ilp32/libc.a(lib_a-makebuf.o)
                0x0000000040101032                __swhatbuf_r
                0x00000000401010b2                __smakebuf_r
 .text          0x0000000040101166      0x638 /Users/fid/ecp5-toolchain/bin/../lib/gcc/riscv64-unknown-elf/8.3.0/../../../../riscv64-unknown-elf/lib/rv32imac/ilp32/libc.a(lib_a-mallocr.o)
                0x0000000040101166                _malloc_r
 .text          0x000000004010179e       0xa8 /Users/fid/ecp5-toolchain/bin/../lib/gcc/riscv64-unknown-elf/8.3.0/../../../../riscv64-unknown-elf/lib/rv32imac/ilp32/libc.a(lib_a-memset.o)
                0x000000004010179e                memset
 .text          0x0000000040101846        0x4 /Users/fid/ecp5-toolchain/bin/../lib/gcc/riscv64-unknown-elf/8.3.0/../../../../riscv64-unknown-elf/lib/rv32imac/ilp32/libc.a(lib_a-mlock.o)
                0x0000000040101846                __malloc_lock
                0x0000000040101848                __malloc_unlock
 .text          0x000000004010184a       0x40 /Users/fid/ecp5-toolchain/bin/../lib/gcc/riscv64-unknown-elf/8.3.0/../../../../riscv64-unknown-elf/lib/rv32imac/ilp32/libc.a(lib_a-openr.o)
                0x000000004010184a                _open_r
 .text          0x000000004010188a       0x66 /Users/fid/ecp5-toolchain/bin/../lib/gcc/riscv64-unknown-elf/8.3.0/../../../../riscv64-unknown-elf/lib/rv32imac/ilp32/libc.a(lib_a-rand.o)
                0x000000004010188a                srand
                0x000000004010189e                rand
 .text          0x00000000401018f0      0x170 /Users/fid/ecp5-toolchain/bin/../lib/gcc/riscv64-unknown-elf/8.3.0/../../../../riscv64-unknown-elf/lib/rv32imac/ilp32/libc.a(lib_a-refill.o)
                0x0000000040101902                __srefill_r
 .text          0x0000000040101a60       0x3a /Users/fid/ecp5-toolchain/bin/../lib/gcc/riscv64-unknown-elf/8.3.0/../../../../riscv64-unknown-elf/lib/rv32imac/ilp32/libc.a(lib_a-sbrkr.o)
                0x0000000040101a60                _sbrk_r
 .text          0x0000000040101a9a      0x188 /Users/fid/ecp5-toolchain/bin/../lib/gcc/riscv64-unknown-elf/8.3.0/../../../../riscv64-unknown-elf/lib/rv32imac/ilp32/libc.a(lib_a-setvbuf.o)
                0x0000000040101a9a                setvbuf
 .text          0x0000000040101c22       0xd6 /Users/fid/ecp5-toolchain/bin/../lib/gcc/riscv64-unknown-elf/8.3.0/../../../../riscv64-unknown-elf/lib/rv32imac/ilp32/libc.a(lib_a-stdio.o)
                0x0000000040101c22                __sread
                0x0000000040101c5a                __seofread
                0x0000000040101c5e                __swrite
                0x0000000040101cb0                __sseek
                0x0000000040101cf2                __sclose
 .text          0x0000000040101cf8       0x40 /Users/fid/ecp5-toolchain/bin/../lib/gcc/riscv64-unknown-elf/8.3.0/../../../../riscv64-unknown-elf/lib/rv32imac/ilp32/libc.a(lib_a-writer.o)
                0x0000000040101cf8                _write_r
 .text          0x0000000040101d38       0x3a /Users/fid/ecp5-toolchain/bin/../lib/gcc/riscv64-unknown-elf/8.3.0/../../../../riscv64-unknown-elf/lib/rv32imac/ilp32/libc.a(lib_a-closer.o)
                0x0000000040101d38                _close_r
 .text          0x0000000040101d72      0x1ea /Users/fid/ecp5-toolchain/bin/../lib/gcc/riscv64-unknown-elf/8.3.0/../../../../riscv64-unknown-elf/lib/rv32imac/ilp32/libc.a(lib_a-fflush.o)
                0x0000000040101d72                __sflush_r
                0x0000000040101f04                _fflush_r
                0x0000000040101f38                fflush
 .text          0x0000000040101f5c      0x294 /Users/fid/ecp5-toolchain/bin/../lib/gcc/riscv64-unknown-elf/8.3.0/../../../../riscv64-unknown-elf/lib/rv32imac/ilp32/libc.a(lib_a-findfp.o)
                0x0000000040101f60                _cleanup_r
                0x00000000401020a2                __sfmoreglue
                0x00000000401020ea                __sfp
                0x00000000401021a4                _cleanup
                0x00000000401021b8                __sinit
                0x00000000401021c0                __sfp_lock_acquire
                0x00000000401021c2                __sfp_lock_release
                0x00000000401021c4                __sinit_lock_acquire
                0x00000000401021c6                __sinit_lock_release
                0x00000000401021c8                __fp_lock_all
                0x00000000401021dc                __fp_unlock_all
 .text          0x00000000401021f0       0x80 /Users/fid/ecp5-toolchain/bin/../lib/gcc/riscv64-unknown-elf/8.3.0/../../../../riscv64-unknown-elf/lib/rv32imac/ilp32/libc.a(lib_a-flags.o)
                0x00000000401021f0                __sflags
 .text          0x0000000040102270      0x326 /Users/fid/ecp5-toolchain/bin/../lib/gcc/riscv64-unknown-elf/8.3.0/../../../../riscv64-unknown-elf/lib/rv32imac/ilp32/libc.a(lib_a-freer.o)
                0x0000000040102270                _malloc_trim_r
                0x000000004010234c                _free_r
 .text          0x0000000040102596       0xf0 /Users/fid/ecp5-toolchain/bin/../lib/gcc/riscv64-unknown-elf/8.3.0/../../../../riscv64-unknown-elf/lib/rv32imac/ilp32/libc.a(lib_a-fwalk.o)
                0x0000000040102596                _fwalk
                0x000000004010260a                _fwalk_reent
 .text          0x0000000040102686       0x3e /Users/fid/ecp5-toolchain/bin/../lib/gcc/riscv64-unknown-elf/8.3.0/../../../../riscv64-unknown-elf/lib/rv32imac/ilp32/libc.a(lib_a-isattyr.o)
                0x0000000040102686                _isatty_r
 .text          0x00000000401026c4       0x44 /Users/fid/ecp5-toolchain/bin/../lib/gcc/riscv64-unknown-elf/8.3.0/../../../../riscv64-unknown-elf/lib/rv32imac/ilp32/libc.a(lib_a-lseekr.o)
                0x00000000401026c4                _lseek_r
 .text          0x0000000040102708       0x1e /Users/fid/ecp5-toolchain/bin/../lib/gcc/riscv64-unknown-elf/8.3.0/../../../../riscv64-unknown-elf/lib/rv32imac/ilp32/libc.a(lib_a-malloc.o)
                0x0000000040102708                malloc
                0x0000000040102718                free
 .text          0x0000000040102726       0x44 /Users/fid/ecp5-toolchain/bin/../lib/gcc/riscv64-unknown-elf/8.3.0/../../../../riscv64-unknown-elf/lib/rv32imac/ilp32/libc.a(lib_a-readr.o)
                0x0000000040102726                _read_r
 .text          0x000000004010276a       0xb6 /Users/fid/ecp5-toolchain/bin/../lib/gcc/riscv64-unknown-elf/8.3.0/../../../../riscv64-unknown-elf/lib/rv32imac/ilp32/libc.a(lib_a-fclose.o)
                0x000000004010276a                _fclose_r
                0x0000000040102812                fclose
 .text          0x0000000040102820       0x10 /Users/fid/ecp5-toolchain/bin/../lib/gcc/riscv64-unknown-elf/8.3.0/../../../../riscv64-unknown-elf/lib/rv32imac/ilp32/libc.a(lib_a-calloc.o)
                0x0000000040102820                calloc
 .text          0x0000000040102830       0x82 /Users/fid/ecp5-toolchain/bin/../lib/gcc/riscv64-unknown-elf/8.3.0/../../../../riscv64-unknown-elf/lib/rv32imac/ilp32/libc.a(lib_a-callocr.o)
                0x0000000040102830                _calloc_r
 .text          0x00000000401028b2       0x70 /Users/fid/ecp5-toolchain/bin/../lib/gcc/riscv64-unknown-elf/8.3.0/../../../../riscv64-unknown-elf/lib/rv32imac/ilp32/libc.a(lib_a-fputc.o)
                0x00000000401028b2                _fputc_r
                0x00000000401028e0                fputc
 .text          0x0000000040102922       0x6e /Users/fid/ecp5-toolchain/bin/../lib/gcc/riscv64-unknown-elf/8.3.0/../../../../riscv64-unknown-elf/lib/rv32imac/ilp32/libc.a(lib_a-fputs.o)
                0x0000000040102922                _fputs_r
                0x0000000040102980                fputs
 .text          0x0000000040102990      0x330 /Users/fid/ecp5-toolchain/bin/../lib/gcc/riscv64-unknown-elf/8.3.0/../../../../riscv64-unknown-elf/lib/rv32imac/ilp32/libc.a(lib_a-fvwrite.o)
                0x0000000040102990                __sfvwrite_r
 .text          0x0000000040102cc0       0xa8 /Users/fid/ecp5-toolchain/bin/../lib/gcc/riscv64-unknown-elf/8.3.0/../../../../riscv64-unknown-elf/lib/rv32imac/ilp32/libc.a(lib_a-memchr.o)
                0x0000000040102cc0                memchr
 .text          0x0000000040102d68       0xe2 /Users/fid/ecp5-toolchain/bin/../lib/gcc/riscv64-unknown-elf/8.3.0/../../../../riscv64-unknown-elf/lib/rv32imac/ilp32/libc.a(lib_a-memcpy.o)
                0x0000000040102d68                memcpy
 .text          0x0000000040102e4a       0xd0 /Users/fid/ecp5-toolchain/bin/../lib/gcc/riscv64-unknown-elf/8.3.0/../../../../riscv64-unknown-elf/lib/rv32imac/ilp32/libc.a(lib_a-memmove-stub.o)
                0x0000000040102e4a                memmove
 .text          0x0000000040102f1a       0x56 /Users/fid/ecp5-toolchain/bin/../lib/gcc/riscv64-unknown-elf/8.3.0/../../../../riscv64-unknown-elf/lib/rv32imac/ilp32/libc.a(lib_a-printf.o)
                0x0000000040102f1a                _printf_r
                0x0000000040102f3c                printf
 .text          0x0000000040102f70       0xc6 /Users/fid/ecp5-toolchain/bin/../lib/gcc/riscv64-unknown-elf/8.3.0/../../../../riscv64-unknown-elf/lib/rv32imac/ilp32/libc.a(lib_a-putc.o)
                0x0000000040102f70                _putc_r
                0x0000000040102fca                putc
 .text          0x0000000040103036       0x8c /Users/fid/ecp5-toolchain/bin/../lib/gcc/riscv64-unknown-elf/8.3.0/../../../../riscv64-unknown-elf/lib/rv32imac/ilp32/libc.a(lib_a-puts.o)
                0x0000000040103036                _puts_r
                0x00000000401030b4                puts
 .text          0x00000000401030c2       0x10 /Users/fid/ecp5-toolchain/bin/../lib/gcc/riscv64-unknown-elf/8.3.0/../../../../riscv64-unknown-elf/lib/rv32imac/ilp32/libc.a(lib_a-realloc.o)
                0x00000000401030c2                realloc
 .text          0x00000000401030d2      0x478 /Users/fid/ecp5-toolchain/bin/../lib/gcc/riscv64-unknown-elf/8.3.0/../../../../riscv64-unknown-elf/lib/rv32imac/ilp32/libc.a(lib_a-reallocr.o)
                0x00000000401030d2                _realloc_r
 .text          0x000000004010354a       0x66 /Users/fid/ecp5-toolchain/bin/../lib/gcc/riscv64-unknown-elf/8.3.0/../../../../riscv64-unknown-elf/lib/rv32imac/ilp32/libc.a(lib_a-strlen.o)
                0x000000004010354a                strlen
 .text          0x00000000401035b0     0x1e50 /Users/fid/ecp5-toolchain/bin/../lib/gcc/riscv64-unknown-elf/8.3.0/../../../../riscv64-unknown-elf/lib/rv32imac/ilp32/libc.a(lib_a-vfprintf.o)
                0x00000000401035b0                _vfprintf_r
                0x0000000040105358                vfprintf
 .text          0x0000000040105400      0x10c /Users/fid/ecp5-toolchain/bin/../lib/gcc/riscv64-unknown-elf/8.3.0/../../../../riscv64-unknown-elf/lib/rv32imac/ilp32/libc.a(lib_a-wbuf.o)
                0x0000000040105400                __swbuf_r
                0x00000000401054fc                __swbuf
 .text          0x000000004010550c       0xf8 /Users/fid/ecp5-toolchain/bin/../lib/gcc/riscv64-unknown-elf/8.3.0/../../../../riscv64-unknown-elf/lib/rv32imac/ilp32/libc.a(lib_a-wsetup.o)
                0x000000004010550c                __swsetup_r
 .text          0x0000000040105604     0x1fac /Users/fid/ecp5-toolchain/bin/../lib/gcc/riscv64-unknown-elf/8.3.0/../../../../riscv64-unknown-elf/lib/rv32imac/ilp32/libc.a(lib_a-ldtoa.o)
                0x0000000040106722                _ldtoa_r
                0x0000000040107572                _ldcheck
 .text          0x00000000401075b0       0x1a /Users/fid/ecp5-toolchain/bin/../lib/gcc/riscv64-unknown-elf/8.3.0/../../../../riscv64-unknown-elf/lib/rv32imac/ilp32/libc.a(lib_a-localeconv.o)
                0x00000000401075b0                __localeconv_l
                0x00000000401075b6                _localeconv_r
                0x00000000401075c0                localeconv
 .text          0x00000000401075ca      0xa6e /Users/fid/ecp5-toolchain/bin/../lib/gcc/riscv64-unknown-elf/8.3.0/../../../../riscv64-unknown-elf/lib/rv32imac/ilp32/libc.a(lib_a-mprec.o)
                0x00000000401075ca                _Balloc
                0x0000000040107630                _Bfree
                0x0000000040107642                __multadd
                0x00000000401076f4                __s2b
                0x0000000040107796                __hi0bits
                0x00000000401077de                __lo0bits
                0x000000004010784c                __i2b
                0x0000000040107866                __multiply
                0x00000000401079da                __pow5mult
                0x0000000040107a9c                __lshift
                0x0000000040107b80                __mcmp
                0x0000000040107bba                __mdiff
                0x0000000040107cf8                __ulp
                0x0000000040107d3e                __b2d
                0x0000000040107e06                __d2b
                0x0000000040107edc                __ratio
                0x0000000040107f3a                _mprec_log10
                0x0000000040107f9e                __copybits
                0x0000000040107fe4                __any_on
 .text          0x0000000040108038       0x7c /Users/fid/ecp5-toolchain/bin/../lib/gcc/riscv64-unknown-elf/8.3.0/../../../../riscv64-unknown-elf/lib/rv32imac/ilp32/libc.a(lib_a-s_frexp.o)
                0x0000000040108038                frexp
 .text          0x00000000401080b4       0x8e /Users/fid/ecp5-toolchain/bin/../lib/gcc/riscv64-unknown-elf/8.3.0/../../../../riscv64-unknown-elf/lib/rv32imac/ilp32/libc.a(lib_a-sprintf.o)
                0x00000000401080b4                _sprintf_r
                0x00000000401080f4                sprintf
 .text          0x0000000040108142       0x7a /Users/fid/ecp5-toolchain/bin/../lib/gcc/riscv64-unknown-elf/8.3.0/../../../../riscv64-unknown-elf/lib/rv32imac/ilp32/libc.a(lib_a-strcpy.o)
                0x0000000040108142                strcpy
 .text          0x00000000401081bc       0x98 /Users/fid/ecp5-toolchain/bin/../lib/gcc/riscv64-unknown-elf/8.3.0/../../../../riscv64-unknown-elf/lib/rv32imac/ilp32/libc.a(lib_a-strncpy.o)
                0x00000000401081bc                strncpy
 .text          0x0000000040108254     0x1d78 /Users/fid/ecp5-toolchain/bin/../lib/gcc/riscv64-unknown-elf/8.3.0/../../../../riscv64-unknown-elf/lib/rv32imac/ilp32/libc.a(lib_a-svfprintf.o)
                0x0000000040108254                _svfprintf_r
 .text          0x0000000040109fcc      0xec4 /Users/fid/ecp5-toolchain/bin/../lib/gcc/riscv64-unknown-elf/8.3.0/../../../../riscv64-unknown-elf/lib/rv32imac/ilp32/libc.a(lib_a-vfiprintf.o)
                0x000000004010a066                __sprint_r
                0x000000004010a074                _vfiprintf_r
                0x000000004010ade8                vfiprintf
 .text          0x000000004010ae90      0x132 /Users/fid/ecp5-toolchain/bin/../lib/gcc/riscv64-unknown-elf/8.3.0/../../../../riscv64-unknown-elf/lib/rv32imac/ilp32/libc.a(lib_a-fputwc.o)
                0x000000004010ae90                __fputwc
                0x000000004010af52                _fputwc_r
                0x000000004010af70                fputwc
 .text          0x000000004010afc2       0x6c /Users/fid/ecp5-toolchain/bin/../lib/gcc/riscv64-unknown-elf/8.3.0/../../../../riscv64-unknown-elf/lib/rv32imac/ilp32/libc.a(lib_a-locale.o)
                0x000000004010afc2                _setlocale_r
                0x000000004010b014                __locale_mb_cur_max
                0x000000004010b01e                setlocale
 .text          0x000000004010b02e       0x4e /Users/fid/ecp5-toolchain/bin/../lib/gcc/riscv64-unknown-elf/8.3.0/../../../../riscv64-unknown-elf/lib/rv32imac/ilp32/libc.a(lib_a-mbtowc_r.o)
                0x000000004010b02e                _mbtowc_r
                0x000000004010b03c                __ascii_mbtowc
 .text          0x000000004010b07c      0x11e /Users/fid/ecp5-toolchain/bin/../lib/gcc/riscv64-unknown-elf/8.3.0/../../../../riscv64-unknown-elf/lib/rv32imac/ilp32/libc.a(lib_a-strcmp.o)
                0x000000004010b07c                strcmp
 .text          0x000000004010b19a      0xd42 /Users/fid/ecp5-toolchain/bin/../lib/gcc/riscv64-unknown-elf/8.3.0/../../../../riscv64-unknown-elf/lib/rv32imac/ilp32/libc.a(lib_a-svfiprintf.o)
                0x000000004010b19a                __ssprint_r
                0x000000004010b2c6                _svfiprintf_r
 .text          0x000000004010bedc       0xaa /Users/fid/ecp5-toolchain/bin/../lib/gcc/riscv64-unknown-elf/8.3.0/../../../../riscv64-unknown-elf/lib/rv32imac/ilp32/libc.a(lib_a-wcrtomb.o)
                0x000000004010bedc                _wcrtomb_r
                0x000000004010bf28                wcrtomb
 .text          0x000000004010bf86       0x2e /Users/fid/ecp5-toolchain/bin/../lib/gcc/riscv64-unknown-elf/8.3.0/../../../../riscv64-unknown-elf/lib/rv32imac/ilp32/libc.a(lib_a-wctomb_r.o)
                0x000000004010bf86                _wctomb_r
                0x000000004010bf94                __ascii_wctomb
 .text          0x000000004010bfb4      0x35e /Users/fid/ecp5-toolchain/bin/../lib/gcc/riscv64-unknown-elf/8.3.0/rv32imac/ilp32/libgcc.a(_udivdi3.o)
                0x000000004010bfb4                __udivdi3
 .text          0x000000004010c312      0x352 /Users/fid/ecp5-toolchain/bin/../lib/gcc/riscv64-unknown-elf/8.3.0/rv32imac/ilp32/libgcc.a(_umoddi3.o)
                0x000000004010c312                __umoddi3
 .text          0x000000004010c664      0x536 /Users/fid/ecp5-toolchain/bin/../lib/gcc/riscv64-unknown-elf/8.3.0/rv32imac/ilp32/libgcc.a(divdf3.o)
                0x000000004010c664                __divdf3
 .text          0x000000004010cb9a      0x43c /Users/fid/ecp5-toolchain/bin/../lib/gcc/riscv64-unknown-elf/8.3.0/rv32imac/ilp32/libgcc.a(muldf3.o)
                0x000000004010cb9a                __muldf3
 .text          0x000000004010cfd6       0xa6 /Users/fid/ecp5-toolchain/bin/../lib/gcc/riscv64-unknown-elf/8.3.0/rv32imac/ilp32/libgcc.a(eqtf2.o)
                0x000000004010cfd6                __eqtf2
                0x000000004010cfd6                __netf2
 .text          0x000000004010d07c       0xf4 /Users/fid/ecp5-toolchain/bin/../lib/gcc/riscv64-unknown-elf/8.3.0/rv32imac/ilp32/libgcc.a(getf2.o)
                0x000000004010d07c                __getf2
                0x000000004010d07c                __gttf2
 .text          0x000000004010d170       0xf4 /Users/fid/ecp5-toolchain/bin/../lib/gcc/riscv64-unknown-elf/8.3.0/rv32imac/ilp32/libgcc.a(letf2.o)
                0x000000004010d170                __letf2
                0x000000004010d170                __lttf2
 .text          0x000000004010d264      0xb3c /Users/fid/ecp5-toolchain/bin/../lib/gcc/riscv64-unknown-elf/8.3.0/rv32imac/ilp32/libgcc.a(multf3.o)
                0x000000004010d264                __multf3
 .text          0x000000004010dda0      0xe5e /Users/fid/ecp5-toolchain/bin/../lib/gcc/riscv64-unknown-elf/8.3.0/rv32imac/ilp32/libgcc.a(subtf3.o)
                0x000000004010dda0                __subtf3
 .text          0x000000004010ebfe       0xec /Users/fid/ecp5-toolchain/bin/../lib/gcc/riscv64-unknown-elf/8.3.0/rv32imac/ilp32/libgcc.a(fixtfsi.o)
                0x000000004010ebfe                __fixtfsi
 .text          0x000000004010ecea       0xf2 /Users/fid/ecp5-toolchain/bin/../lib/gcc/riscv64-unknown-elf/8.3.0/rv32imac/ilp32/libgcc.a(floatsitf.o)
                0x000000004010ecea                __floatsitf
 .text          0x000000004010eddc      0x152 /Users/fid/ecp5-toolchain/bin/../lib/gcc/riscv64-unknown-elf/8.3.0/rv32imac/ilp32/libgcc.a(extenddftf2.o)
                0x000000004010eddc                __extenddftf2
 .text          0x000000004010ef2e      0x230 /Users/fid/ecp5-toolchain/bin/../lib/gcc/riscv64-unknown-elf/8.3.0/rv32imac/ilp32/libgcc.a(trunctfdf2.o)
                0x000000004010ef2e                __trunctfdf2
 .text          0x000000004010f15e       0x3c /Users/fid/ecp5-toolchain/bin/../lib/gcc/riscv64-unknown-elf/8.3.0/rv32imac/ilp32/libgcc.a(_clzsi2.o)
                0x000000004010f15e                __clzsi2
 *(.text.*)

.rela.dyn       0x000000004010f19c        0x0
 .rela.text     0x000000004010f19c        0x0 build//apps-sdk/gloss//crt0.o

.data           0x000000004010f1a0     0x5470
                0x000000004010f1a0                . = ALIGN (0x4)
 *(.rodata)
 .rodata        0x000000004010f1a0      0x18c /Users/fid/ecp5-toolchain/bin/../lib/gcc/riscv64-unknown-elf/8.3.0/../../../../riscv64-unknown-elf/lib/rv32imac/ilp32/libc.a(lib_a-vfprintf.o)
 .rodata        0x000000004010f32c      0x252 /Users/fid/ecp5-toolchain/bin/../lib/gcc/riscv64-unknown-elf/8.3.0/../../../../riscv64-unknown-elf/lib/rv32imac/ilp32/libc.a(lib_a-ldtoa.o)
 *fill*         0x000000004010f57e        0x2 
 .rodata        0x000000004010f580      0x128 /Users/fid/ecp5-toolchain/bin/../lib/gcc/riscv64-unknown-elf/8.3.0/../../../../riscv64-unknown-elf/lib/rv32imac/ilp32/libc.a(lib_a-mprec.o)
                0x000000004010f590                __mprec_tens
                0x000000004010f658                __mprec_tinytens
                0x000000004010f680                __mprec_bigtens
 .rodata        0x000000004010f6a8      0x18c /Users/fid/ecp5-toolchain/bin/../lib/gcc/riscv64-unknown-elf/8.3.0/../../../../riscv64-unknown-elf/lib/rv32imac/ilp32/libc.a(lib_a-svfprintf.o)
 .rodata        0x000000004010f834      0x18c /Users/fid/ecp5-toolchain/bin/../lib/gcc/riscv64-unknown-elf/8.3.0/../../../../riscv64-unknown-elf/lib/rv32imac/ilp32/libc.a(lib_a-vfiprintf.o)
 .rodata        0x000000004010f9c0      0x18c /Users/fid/ecp5-toolchain/bin/../lib/gcc/riscv64-unknown-elf/8.3.0/../../../../riscv64-unknown-elf/lib/rv32imac/ilp32/libc.a(lib_a-svfiprintf.o)
 .rodata        0x000000004010fb4c      0x101 /Users/fid/ecp5-toolchain/bin/../lib/gcc/riscv64-unknown-elf/8.3.0/../../../../riscv64-unknown-elf/lib/rv32imac/ilp32/libc.a(lib_a-ctype_.o)
                0x000000004010fb4c                _ctype_
 *fill*         0x000000004010fc4d        0x3 
 .rodata        0x000000004010fc50       0x3c /Users/fid/ecp5-toolchain/bin/../lib/gcc/riscv64-unknown-elf/8.3.0/rv32imac/ilp32/libgcc.a(divdf3.o)
 .rodata        0x000000004010fc8c       0x3c /Users/fid/ecp5-toolchain/bin/../lib/gcc/riscv64-unknown-elf/8.3.0/rv32imac/ilp32/libgcc.a(muldf3.o)
 .rodata        0x000000004010fcc8       0x3c /Users/fid/ecp5-toolchain/bin/../lib/gcc/riscv64-unknown-elf/8.3.0/rv32imac/ilp32/libgcc.a(multf3.o)
 .rodata        0x000000004010fd04      0x100 /Users/fid/ecp5-toolchain/bin/../lib/gcc/riscv64-unknown-elf/8.3.0/rv32imac/ilp32/libgcc.a(_clz.o)
                0x000000004010fd04                __clz_tab
 *(.rodata.*)
 .rodata.str1.4
                0x000000004010fe04      0x1e9 /var/folders/x4/hzyyfx6s4kbc2d71lsj4_rzr0000gn/T//ccoXGLc2.ltrans0.ltrans.o
 .rodata.str1.4
                0x000000004010ffed      0x1e9 /Users/fid/ecp5-toolchain/bin/../lib/gcc/riscv64-unknown-elf/8.3.0/../../../../riscv64-unknown-elf/lib/rv32imac/ilp32/libc.a(lib_a-puts.o)
                                          0x2 (size before relaxing)
 *fill*         0x000000004010ffed        0x3 
 .rodata.str1.4
                0x000000004010fff0       0x42 /Users/fid/ecp5-toolchain/bin/../lib/gcc/riscv64-unknown-elf/8.3.0/../../../../riscv64-unknown-elf/lib/rv32imac/ilp32/libc.a(lib_a-vfprintf.o)
 *fill*         0x0000000040110032        0x2 
 .rodata.str1.4
                0x0000000040110034       0x28 /Users/fid/ecp5-toolchain/bin/../lib/gcc/riscv64-unknown-elf/8.3.0/../../../../riscv64-unknown-elf/lib/rv32imac/ilp32/libc.a(lib_a-ldtoa.o)
 .rodata.str1.4
                0x000000004011005c       0x42 /Users/fid/ecp5-toolchain/bin/../lib/gcc/riscv64-unknown-elf/8.3.0/../../../../riscv64-unknown-elf/lib/rv32imac/ilp32/libc.a(lib_a-svfprintf.o)
 .rodata.str1.4
                0x000000004011005c       0x2f /Users/fid/ecp5-toolchain/bin/../lib/gcc/riscv64-unknown-elf/8.3.0/../../../../riscv64-unknown-elf/lib/rv32imac/ilp32/libc.a(lib_a-vfiprintf.o)
 .rodata.str1.4
                0x000000004011005c       0x10 /Users/fid/ecp5-toolchain/bin/../lib/gcc/riscv64-unknown-elf/8.3.0/../../../../riscv64-unknown-elf/lib/rv32imac/ilp32/libc.a(lib_a-locale.o)
                                         0x12 (size before relaxing)
 .rodata.str1.4
                0x000000004011006c       0x2f /Users/fid/ecp5-toolchain/bin/../lib/gcc/riscv64-unknown-elf/8.3.0/../../../../riscv64-unknown-elf/lib/rv32imac/ilp32/libc.a(lib_a-svfiprintf.o)
 *(.srodata)
 .srodata       0x000000004011006c        0x4 /Users/fid/ecp5-toolchain/bin/../lib/gcc/riscv64-unknown-elf/8.3.0/../../../../riscv64-unknown-elf/lib/rv32imac/ilp32/libc.a(lib_a-impure.o)
                0x000000004011006c                _global_impure_ptr
 *(.srodata.*)
 .srodata.cst8  0x0000000040110070       0x10 /Users/fid/ecp5-toolchain/bin/../lib/gcc/riscv64-unknown-elf/8.3.0/../../../../riscv64-unknown-elf/lib/rv32imac/ilp32/libc.a(lib_a-mprec.o)
 .srodata.cst8  0x0000000040110080        0x8 /Users/fid/ecp5-toolchain/bin/../lib/gcc/riscv64-unknown-elf/8.3.0/../../../../riscv64-unknown-elf/lib/rv32imac/ilp32/libc.a(lib_a-s_frexp.o)
 *(.data)
 .data          0x0000000040110088      0xe8a /Users/fid/badge/hadbadge2019_workshops/basic/app-GOL4/build/GOLbak.png.o
                0x0000000040110088                _binary_GOLbak_png_start
                0x0000000040110f12                _binary_GOLbak_png_end
 *fill*         0x0000000040110f12        0x2 
 .data          0x0000000040110f14     0x2d51 /Users/fid/badge/hadbadge2019_workshops/basic/app-GOL4/build/tileset.png.o
                0x0000000040110f14                _binary_tileset_png_start
                0x0000000040113c65                _binary_tileset_png_end
 *fill*         0x0000000040113c65        0x3 
 .data          0x0000000040113c68      0x428 /Users/fid/ecp5-toolchain/bin/../lib/gcc/riscv64-unknown-elf/8.3.0/../../../../riscv64-unknown-elf/lib/rv32imac/ilp32/libc.a(lib_a-impure.o)
 .data          0x0000000040114090      0x408 /Users/fid/ecp5-toolchain/bin/../lib/gcc/riscv64-unknown-elf/8.3.0/../../../../riscv64-unknown-elf/lib/rv32imac/ilp32/libc.a(lib_a-mallocr.o)
                0x0000000040114090                __malloc_av_
 .data          0x0000000040114498      0x16c /Users/fid/ecp5-toolchain/bin/../lib/gcc/riscv64-unknown-elf/8.3.0/../../../../riscv64-unknown-elf/lib/rv32imac/ilp32/libc.a(lib_a-locale.o)
                0x0000000040114498                __global_locale
 *(.data.*)
 *(.gnu.linkonce.d.*)
 *(.data1)
 *(.sdata)
 .sdata         0x0000000040114604        0x4 /Users/fid/ecp5-toolchain/bin/../lib/gcc/riscv64-unknown-elf/8.3.0/../../../../riscv64-unknown-elf/lib/rv32imac/ilp32/libc.a(lib_a-impure.o)
                0x0000000040114604                _impure_ptr
 .sdata         0x0000000040114608        0x8 /Users/fid/ecp5-toolchain/bin/../lib/gcc/riscv64-unknown-elf/8.3.0/../../../../riscv64-unknown-elf/lib/rv32imac/ilp32/libc.a(lib_a-mallocr.o)
                0x0000000040114608                __malloc_sbrk_base
                0x000000004011460c                __malloc_trim_threshold
 *(.sdata.*)
 *(.sdata2)
 *(.sdata2.*)

.bss            0x0000000040114610       0x3c
                0x0000000040114610                . = ALIGN (0x4)
                0x0000000040114610                _bin_end = .
                0x0000000040114610                _bss_start = .
 *(.bss)
 .bss           0x0000000040114610       0x28 /Users/fid/ecp5-toolchain/bin/../lib/gcc/riscv64-unknown-elf/8.3.0/../../../../riscv64-unknown-elf/lib/rv32imac/ilp32/libc.a(lib_a-mallocr.o)
                0x0000000040114610                __malloc_current_mallinfo
 *(.bss.*)
 *(.sbss)
 .sbss          0x0000000040114638        0x4 /var/folders/x4/hzyyfx6s4kbc2d71lsj4_rzr0000gn/T//ccoXGLc2.ltrans0.ltrans.o
 .sbss          0x000000004011463c        0xc /Users/fid/ecp5-toolchain/bin/../lib/gcc/riscv64-unknown-elf/8.3.0/../../../../riscv64-unknown-elf/lib/rv32imac/ilp32/libc.a(lib_a-mallocr.o)
                0x000000004011463c                __malloc_max_total_mem
                0x0000000040114640                __malloc_max_sbrked_mem
                0x0000000040114644                __malloc_top_pad
 *(.sbss.*)
 *(COMMON)
 COMMON         0x0000000040114648        0x4 /Users/fid/ecp5-toolchain/bin/../lib/gcc/riscv64-unknown-elf/8.3.0/../../../../riscv64-unknown-elf/lib/rv32imac/ilp32/libc.a(lib_a-reent.o)
                0x0000000040114648                errno
 *(COMMON.*)
                0x000000004011464c                . = ALIGN (0x4)
                0x000000004011464c                _bss_end = .
                0x000000004011464c                _end = .
                [!provide]                        PROVIDE (_access = 0x4000200c)
                [!provide]                        PROVIDE (_chdir = 0x40002010)
                [!provide]                        PROVIDE (_chmod = 0x40002014)
                [!provide]                        PROVIDE (_chown = 0x40002018)
                0x000000004000201c                PROVIDE (_close = 0x4000201c)
                [!provide]                        PROVIDE (_execve = 0x40002020)
                [!provide]                        PROVIDE (_exit = 0x40002024)
                [!provide]                        PROVIDE (_faccessat = 0x40002028)
                [!provide]                        PROVIDE (_fork = 0x4000202c)
                [!provide]                        PROVIDE (_fstatat = 0x40002030)
                0x0000000040002034                PROVIDE (_fstat = 0x40002034)
                [!provide]                        PROVIDE (_ftime = 0x40002038)
                [!provide]                        PROVIDE (_getcwd = 0x4000203c)
                [!provide]                        PROVIDE (_getpid = 0x40002040)
                [!provide]                        PROVIDE (_gettimeofday = 0x40002044)
                0x0000000040002048                PROVIDE (_isatty = 0x40002048)
                [!provide]                        PROVIDE (_kill = 0x4000204c)
                [!provide]                        PROVIDE (_link = 0x40002050)
                0x0000000040002054                PROVIDE (_lseek = 0x40002054)
                [!provide]                        PROVIDE (_lstat = 0x40002058)
                [!provide]                        PROVIDE (_openat = 0x4000205c)
                0x0000000040002060                PROVIDE (_open = 0x40002060)
                0x0000000040002064                PROVIDE (_read = 0x40002064)
                [!provide]                        PROVIDE (_stat = 0x40002068)
                [!provide]                        PROVIDE (_sysconf = 0x4000206c)
                [!provide]                        PROVIDE (_times = 0x40002070)
                [!provide]                        PROVIDE (_unlink = 0x40002074)
                [!provide]                        PROVIDE (_utime = 0x40002078)
                [!provide]                        PROVIDE (_wait = 0x4000207c)
                0x0000000040002080                PROVIDE (_write = 0x40002080)
                [!provide]                        PROVIDE (opendir = 0x40002084)
                [!provide]                        PROVIDE (readdir = 0x40002088)
                [!provide]                        PROVIDE (closedir = 0x4000208c)
                0x0000000040002090                PROVIDE (_sbrk = 0x40002090)
                0x0000000040002094                PROVIDE (gfx_load_fb_mem = 0x40002094)
                0x0000000040002098                PROVIDE (gfx_load_tiles_mem = 0x40002098)
                0x000000004000209c                PROVIDE (user_memfn_set = 0x4000209c)
                [!provide]                        PROVIDE (gfx_load_tilemap_mem = 0x400020a0)
                [!provide]                        PROVIDE (gfx_load_fb_tga = 0x400020a4)
                [!provide]                        PROVIDE (gfx_load_fb_tga_mem = 0x400020a8)
                [!provide]                        PROVIDE (gfx_load_tiles_tga = 0x400020ac)
                [!provide]                        PROVIDE (gfx_load_tiles_tga_mem = 0x400020b0)
                [!provide]                        PROVIDE (usb_msc_on = 0x400020b4)
                [!provide]                        PROVIDE (usb_msc_off = 0x400020b8)
                [!provide]                        PROVIDE (fs_cart_initialize_fat = 0x400020bc)
                [!provide]                        PROVIDE (millis = 0x400020c0)
                [!provide]                        PROVIDE (delay = 0x400020c4)
                [!provide]                        PROVIDE (wait_for_button_press = 0x400020c8)
                [!provide]                        PROVIDE (wait_for_button_release = 0x400020cc)
                [!provide]                        PROVIDE (wait_for_next_frame = 0x400020d0)
                [!provide]                        PROVIDE (interrupt_vector_table = 0x40000020)
                [!provide]                        PROVIDE (irq_stack_ptr = 0x400000a0)
                [!provide]                        PROVIDE (UART = 0x10000000)
                0x0000000020000000                PROVIDE (MISC = 0x20000000)
                [!provide]                        PROVIDE (LCD = 0x30000000)
                0x0000000050000000                PROVIDE (GFXREG = 0x50000000)
                0x0000000050002000                PROVIDE (GFXPAL = 0x50002000)
                [!provide]                        PROVIDE (GFXTILEMAPA = 0x50004000)
                [!provide]                        PROVIDE (GFXTILEMAPB = 0x50008000)
                [!provide]                        PROVIDE (GFXSPRITES = 0x5000c000)
                0x0000000050010000                PROVIDE (GFXTILES = 0x50010000)
                [!provide]                        PROVIDE (GFXCOPPEROPS = 0x50020000)
                [!provide]                        PROVIDE (USB = 0x60000000)
                [!provide]                        PROVIDE (SYNTH = 0x80000000)
LOAD /Users/fid/ecp5-toolchain/bin/../lib/gcc/riscv64-unknown-elf/8.3.0/rv32imac/ilp32/libgcc.a
LOAD /Users/fid/ecp5-toolchain/bin/../lib/gcc/riscv64-unknown-elf/8.3.0/../../../../riscv64-unknown-elf/lib/rv32imac/ilp32/libm.a
LOAD build//apps-sdk/gloss//libgloss.a
LOAD /Users/fid/ecp5-toolchain/bin/../lib/gcc/riscv64-unknown-elf/8.3.0/rv32imac/ilp32/libgcc.a
START GROUP
LOAD /Users/fid/ecp5-toolchain/bin/../lib/gcc/riscv64-unknown-elf/8.3.0/../../../../riscv64-unknown-elf/lib/rv32imac/ilp32/libc.a
LOAD build//apps-sdk/gloss//libgloss.a
END GROUP
LOAD /Users/fid/ecp5-toolchain/bin/../lib/gcc/riscv64-unknown-elf/8.3.0/rv32imac/ilp32/libgcc.a
OUTPUT(GOL4.elf elf32-littleriscv)

.debug_info     0x0000000000000000     0x9fe4
 .debug_info    0x0000000000000000     0x15b9 /var/folders/x4/hzyyfx6s4kbc2d71lsj4_rzr0000gn/T//ccLkmkuDdebugobj
                0x0000000000000000                main.c.1648f194
                0x0000000000000bdc                app_start.c.aeb549a2
 .debug_info    0x00000000000015b9      0x7d4 /var/folders/x4/hzyyfx6s4kbc2d71lsj4_rzr0000gn/T//ccoXGLc2.ltrans0.ltrans.o
 .debug_info    0x0000000000001d8d       0x26 build//apps-sdk/gloss//crt0.o
 .debug_info    0x0000000000001db3     0x1245 /Users/fid/ecp5-toolchain/bin/../lib/gcc/riscv64-unknown-elf/8.3.0/rv32imac/ilp32/libgcc.a(_udivdi3.o)
 .debug_info    0x0000000000002ff8     0x12a3 /Users/fid/ecp5-toolchain/bin/../lib/gcc/riscv64-unknown-elf/8.3.0/rv32imac/ilp32/libgcc.a(_umoddi3.o)
 .debug_info    0x000000000000429b      0x734 /Users/fid/ecp5-toolchain/bin/../lib/gcc/riscv64-unknown-elf/8.3.0/rv32imac/ilp32/libgcc.a(divdf3.o)
 .debug_info    0x00000000000049cf      0x76c /Users/fid/ecp5-toolchain/bin/../lib/gcc/riscv64-unknown-elf/8.3.0/rv32imac/ilp32/libgcc.a(muldf3.o)
 .debug_info    0x000000000000513b      0x298 /Users/fid/ecp5-toolchain/bin/../lib/gcc/riscv64-unknown-elf/8.3.0/rv32imac/ilp32/libgcc.a(eqtf2.o)
 .debug_info    0x00000000000053d3      0x296 /Users/fid/ecp5-toolchain/bin/../lib/gcc/riscv64-unknown-elf/8.3.0/rv32imac/ilp32/libgcc.a(getf2.o)
 .debug_info    0x0000000000005669      0x296 /Users/fid/ecp5-toolchain/bin/../lib/gcc/riscv64-unknown-elf/8.3.0/rv32imac/ilp32/libgcc.a(letf2.o)
 .debug_info    0x00000000000058ff     0x126c /Users/fid/ecp5-toolchain/bin/../lib/gcc/riscv64-unknown-elf/8.3.0/rv32imac/ilp32/libgcc.a(multf3.o)
 .debug_info    0x0000000000006b6b      0xd83 /Users/fid/ecp5-toolchain/bin/../lib/gcc/riscv64-unknown-elf/8.3.0/rv32imac/ilp32/libgcc.a(subtf3.o)
 .debug_info    0x00000000000078ee      0x2c5 /Users/fid/ecp5-toolchain/bin/../lib/gcc/riscv64-unknown-elf/8.3.0/rv32imac/ilp32/libgcc.a(fixtfsi.o)
 .debug_info    0x0000000000007bb3      0x3c6 /Users/fid/ecp5-toolchain/bin/../lib/gcc/riscv64-unknown-elf/8.3.0/rv32imac/ilp32/libgcc.a(floatsitf.o)
 .debug_info    0x0000000000007f79      0x3ef /Users/fid/ecp5-toolchain/bin/../lib/gcc/riscv64-unknown-elf/8.3.0/rv32imac/ilp32/libgcc.a(extenddftf2.o)
 .debug_info    0x0000000000008368      0x53b /Users/fid/ecp5-toolchain/bin/../lib/gcc/riscv64-unknown-elf/8.3.0/rv32imac/ilp32/libgcc.a(trunctfdf2.o)
 .debug_info    0x00000000000088a3      0xb6a /Users/fid/ecp5-toolchain/bin/../lib/gcc/riscv64-unknown-elf/8.3.0/rv32imac/ilp32/libgcc.a(_clz.o)
 .debug_info    0x000000000000940d      0xbd7 /Users/fid/ecp5-toolchain/bin/../lib/gcc/riscv64-unknown-elf/8.3.0/rv32imac/ilp32/libgcc.a(_clzsi2.o)

.debug_abbrev   0x0000000000000000     0x217f
 .debug_abbrev  0x0000000000000000      0x444 /var/folders/x4/hzyyfx6s4kbc2d71lsj4_rzr0000gn/T//ccLkmkuDdebugobj
 .debug_abbrev  0x0000000000000444      0x13c /var/folders/x4/hzyyfx6s4kbc2d71lsj4_rzr0000gn/T//ccoXGLc2.ltrans0.ltrans.o
 .debug_abbrev  0x0000000000000580       0x14 build//apps-sdk/gloss//crt0.o
 .debug_abbrev  0x0000000000000594      0x2cc /Users/fid/ecp5-toolchain/bin/../lib/gcc/riscv64-unknown-elf/8.3.0/rv32imac/ilp32/libgcc.a(_udivdi3.o)
 .debug_abbrev  0x0000000000000860      0x2e8 /Users/fid/ecp5-toolchain/bin/../lib/gcc/riscv64-unknown-elf/8.3.0/rv32imac/ilp32/libgcc.a(_umoddi3.o)
 .debug_abbrev  0x0000000000000b48      0x187 /Users/fid/ecp5-toolchain/bin/../lib/gcc/riscv64-unknown-elf/8.3.0/rv32imac/ilp32/libgcc.a(divdf3.o)
 .debug_abbrev  0x0000000000000ccf      0x197 /Users/fid/ecp5-toolchain/bin/../lib/gcc/riscv64-unknown-elf/8.3.0/rv32imac/ilp32/libgcc.a(muldf3.o)
 .debug_abbrev  0x0000000000000e66      0x18b /Users/fid/ecp5-toolchain/bin/../lib/gcc/riscv64-unknown-elf/8.3.0/rv32imac/ilp32/libgcc.a(eqtf2.o)
 .debug_abbrev  0x0000000000000ff1      0x19e /Users/fid/ecp5-toolchain/bin/../lib/gcc/riscv64-unknown-elf/8.3.0/rv32imac/ilp32/libgcc.a(getf2.o)
 .debug_abbrev  0x000000000000118f      0x19e /Users/fid/ecp5-toolchain/bin/../lib/gcc/riscv64-unknown-elf/8.3.0/rv32imac/ilp32/libgcc.a(letf2.o)
 .debug_abbrev  0x000000000000132d      0x1a8 /Users/fid/ecp5-toolchain/bin/../lib/gcc/riscv64-unknown-elf/8.3.0/rv32imac/ilp32/libgcc.a(multf3.o)
 .debug_abbrev  0x00000000000014d5      0x1bd /Users/fid/ecp5-toolchain/bin/../lib/gcc/riscv64-unknown-elf/8.3.0/rv32imac/ilp32/libgcc.a(subtf3.o)
 .debug_abbrev  0x0000000000001692      0x1ac /Users/fid/ecp5-toolchain/bin/../lib/gcc/riscv64-unknown-elf/8.3.0/rv32imac/ilp32/libgcc.a(fixtfsi.o)
 .debug_abbrev  0x000000000000183e      0x1b5 /Users/fid/ecp5-toolchain/bin/../lib/gcc/riscv64-unknown-elf/8.3.0/rv32imac/ilp32/libgcc.a(floatsitf.o)
 .debug_abbrev  0x00000000000019f3      0x1ab /Users/fid/ecp5-toolchain/bin/../lib/gcc/riscv64-unknown-elf/8.3.0/rv32imac/ilp32/libgcc.a(extenddftf2.o)
 .debug_abbrev  0x0000000000001b9e      0x1b7 /Users/fid/ecp5-toolchain/bin/../lib/gcc/riscv64-unknown-elf/8.3.0/rv32imac/ilp32/libgcc.a(trunctfdf2.o)
 .debug_abbrev  0x0000000000001d55      0x1e8 /Users/fid/ecp5-toolchain/bin/../lib/gcc/riscv64-unknown-elf/8.3.0/rv32imac/ilp32/libgcc.a(_clz.o)
 .debug_abbrev  0x0000000000001f3d      0x242 /Users/fid/ecp5-toolchain/bin/../lib/gcc/riscv64-unknown-elf/8.3.0/rv32imac/ilp32/libgcc.a(_clzsi2.o)

.debug_line     0x0000000000000000     0xa269
 .debug_line    0x0000000000000000      0x3de /var/folders/x4/hzyyfx6s4kbc2d71lsj4_rzr0000gn/T//ccLkmkuDdebugobj
 .debug_line    0x00000000000003de      0xfe1 /var/folders/x4/hzyyfx6s4kbc2d71lsj4_rzr0000gn/T//ccoXGLc2.ltrans0.ltrans.o
 .debug_line    0x00000000000013bf       0x7c build//apps-sdk/gloss//crt0.o
 .debug_line    0x000000000000143b      0x9cd /Users/fid/ecp5-toolchain/bin/../lib/gcc/riscv64-unknown-elf/8.3.0/rv32imac/ilp32/libgcc.a(_udivdi3.o)
 .debug_line    0x0000000000001e08      0xa7d /Users/fid/ecp5-toolchain/bin/../lib/gcc/riscv64-unknown-elf/8.3.0/rv32imac/ilp32/libgcc.a(_umoddi3.o)
 .debug_line    0x0000000000002885      0xe35 /Users/fid/ecp5-toolchain/bin/../lib/gcc/riscv64-unknown-elf/8.3.0/rv32imac/ilp32/libgcc.a(divdf3.o)
 .debug_line    0x00000000000036ba      0xbf8 /Users/fid/ecp5-toolchain/bin/../lib/gcc/riscv64-unknown-elf/8.3.0/rv32imac/ilp32/libgcc.a(muldf3.o)
 .debug_line    0x00000000000042b2      0x2ac /Users/fid/ecp5-toolchain/bin/../lib/gcc/riscv64-unknown-elf/8.3.0/rv32imac/ilp32/libgcc.a(eqtf2.o)
 .debug_line    0x000000000000455e      0x393 /Users/fid/ecp5-toolchain/bin/../lib/gcc/riscv64-unknown-elf/8.3.0/rv32imac/ilp32/libgcc.a(getf2.o)
 .debug_line    0x00000000000048f1      0x393 /Users/fid/ecp5-toolchain/bin/../lib/gcc/riscv64-unknown-elf/8.3.0/rv32imac/ilp32/libgcc.a(letf2.o)
 .debug_line    0x0000000000004c84     0x1e57 /Users/fid/ecp5-toolchain/bin/../lib/gcc/riscv64-unknown-elf/8.3.0/rv32imac/ilp32/libgcc.a(multf3.o)
 .debug_line    0x0000000000006adb     0x2181 /Users/fid/ecp5-toolchain/bin/../lib/gcc/riscv64-unknown-elf/8.3.0/rv32imac/ilp32/libgcc.a(subtf3.o)
 .debug_line    0x0000000000008c5c      0x2b7 /Users/fid/ecp5-toolchain/bin/../lib/gcc/riscv64-unknown-elf/8.3.0/rv32imac/ilp32/libgcc.a(fixtfsi.o)
 .debug_line    0x0000000000008f13      0x2d6 /Users/fid/ecp5-toolchain/bin/../lib/gcc/riscv64-unknown-elf/8.3.0/rv32imac/ilp32/libgcc.a(floatsitf.o)
 .debug_line    0x00000000000091e9      0x468 /Users/fid/ecp5-toolchain/bin/../lib/gcc/riscv64-unknown-elf/8.3.0/rv32imac/ilp32/libgcc.a(extenddftf2.o)
 .debug_line    0x0000000000009651      0x584 /Users/fid/ecp5-toolchain/bin/../lib/gcc/riscv64-unknown-elf/8.3.0/rv32imac/ilp32/libgcc.a(trunctfdf2.o)
 .debug_line    0x0000000000009bd5      0x309 /Users/fid/ecp5-toolchain/bin/../lib/gcc/riscv64-unknown-elf/8.3.0/rv32imac/ilp32/libgcc.a(_clz.o)
 .debug_line    0x0000000000009ede      0x38b /Users/fid/ecp5-toolchain/bin/../lib/gcc/riscv64-unknown-elf/8.3.0/rv32imac/ilp32/libgcc.a(_clzsi2.o)

.debug_str      0x0000000000000000     0x16b6
 .debug_str     0x0000000000000000      0x6e5 /var/folders/x4/hzyyfx6s4kbc2d71lsj4_rzr0000gn/T//ccLkmkuDdebugobj
                                        0xc72 (size before relaxing)
 .debug_str     0x00000000000006e5       0x8b /var/folders/x4/hzyyfx6s4kbc2d71lsj4_rzr0000gn/T//ccoXGLc2.ltrans0.ltrans.o
                                         0xc2 (size before relaxing)
 .debug_str     0x0000000000000770       0x99 build//apps-sdk/gloss//crt0.o
 .debug_str     0x0000000000000809      0x3e9 /Users/fid/ecp5-toolchain/bin/../lib/gcc/riscv64-unknown-elf/8.3.0/rv32imac/ilp32/libgcc.a(_udivdi3.o)
                                        0x892 (size before relaxing)
 .debug_str     0x0000000000000bf2        0xa /Users/fid/ecp5-toolchain/bin/../lib/gcc/riscv64-unknown-elf/8.3.0/rv32imac/ilp32/libgcc.a(_umoddi3.o)
                                        0x892 (size before relaxing)
 .debug_str     0x0000000000000bfc      0x2a4 /Users/fid/ecp5-toolchain/bin/../lib/gcc/riscv64-unknown-elf/8.3.0/rv32imac/ilp32/libgcc.a(divdf3.o)
                                        0x41a (size before relaxing)
 .debug_str     0x0000000000000ea0      0x15f /Users/fid/ecp5-toolchain/bin/../lib/gcc/riscv64-unknown-elf/8.3.0/rv32imac/ilp32/libgcc.a(muldf3.o)
                                        0x472 (size before relaxing)
 .debug_str     0x0000000000000fff       0x8b /Users/fid/ecp5-toolchain/bin/../lib/gcc/riscv64-unknown-elf/8.3.0/rv32imac/ilp32/libgcc.a(eqtf2.o)
                                        0x26f (size before relaxing)
 .debug_str     0x000000000000108a       0x5c /Users/fid/ecp5-toolchain/bin/../lib/gcc/riscv64-unknown-elf/8.3.0/rv32imac/ilp32/libgcc.a(getf2.o)
                                        0x293 (size before relaxing)
 .debug_str     0x00000000000010e6       0x38 /Users/fid/ecp5-toolchain/bin/../lib/gcc/riscv64-unknown-elf/8.3.0/rv32imac/ilp32/libgcc.a(letf2.o)
                                        0x293 (size before relaxing)
 .debug_str     0x000000000000111e      0x299 /Users/fid/ecp5-toolchain/bin/../lib/gcc/riscv64-unknown-elf/8.3.0/rv32imac/ilp32/libgcc.a(multf3.o)
                                        0x5f9 (size before relaxing)
 .debug_str     0x00000000000013b7      0x17b /Users/fid/ecp5-toolchain/bin/../lib/gcc/riscv64-unknown-elf/8.3.0/rv32imac/ilp32/libgcc.a(subtf3.o)
                                        0x4c6 (size before relaxing)
 .debug_str     0x0000000000001532       0x4f /Users/fid/ecp5-toolchain/bin/../lib/gcc/riscv64-unknown-elf/8.3.0/rv32imac/ilp32/libgcc.a(fixtfsi.o)
                                        0x2d7 (size before relaxing)
 .debug_str     0x0000000000001581       0x6d /Users/fid/ecp5-toolchain/bin/../lib/gcc/riscv64-unknown-elf/8.3.0/rv32imac/ilp32/libgcc.a(floatsitf.o)
                                        0x39e (size before relaxing)
 .debug_str     0x00000000000015ee       0x51 /Users/fid/ecp5-toolchain/bin/../lib/gcc/riscv64-unknown-elf/8.3.0/rv32imac/ilp32/libgcc.a(extenddftf2.o)
                                        0x2eb (size before relaxing)
 .debug_str     0x000000000000163f       0x6e /Users/fid/ecp5-toolchain/bin/../lib/gcc/riscv64-unknown-elf/8.3.0/rv32imac/ilp32/libgcc.a(trunctfdf2.o)
                                        0x422 (size before relaxing)
 .debug_str     0x00000000000016ad      0x7d9 /Users/fid/ecp5-toolchain/bin/../lib/gcc/riscv64-unknown-elf/8.3.0/rv32imac/ilp32/libgcc.a(_clz.o)
 .debug_str     0x00000000000016ad        0x9 /Users/fid/ecp5-toolchain/bin/../lib/gcc/riscv64-unknown-elf/8.3.0/rv32imac/ilp32/libgcc.a(_clzsi2.o)
                                        0x7f6 (size before relaxing)

.debug_loc      0x0000000000000000     0xffcd
 .debug_loc     0x0000000000000000      0x57d /var/folders/x4/hzyyfx6s4kbc2d71lsj4_rzr0000gn/T//ccoXGLc2.ltrans0.ltrans.o
 .debug_loc     0x000000000000057d      0xbd0 /Users/fid/ecp5-toolchain/bin/../lib/gcc/riscv64-unknown-elf/8.3.0/rv32imac/ilp32/libgcc.a(_udivdi3.o)
 .debug_loc     0x000000000000114d      0x969 /Users/fid/ecp5-toolchain/bin/../lib/gcc/riscv64-unknown-elf/8.3.0/rv32imac/ilp32/libgcc.a(_umoddi3.o)
 .debug_loc     0x0000000000001ab6     0x129b /Users/fid/ecp5-toolchain/bin/../lib/gcc/riscv64-unknown-elf/8.3.0/rv32imac/ilp32/libgcc.a(divdf3.o)
 .debug_loc     0x0000000000002d51      0xd6e /Users/fid/ecp5-toolchain/bin/../lib/gcc/riscv64-unknown-elf/8.3.0/rv32imac/ilp32/libgcc.a(muldf3.o)
 .debug_loc     0x0000000000003abf       0x87 /Users/fid/ecp5-toolchain/bin/../lib/gcc/riscv64-unknown-elf/8.3.0/rv32imac/ilp32/libgcc.a(eqtf2.o)
 .debug_loc     0x0000000000003b46      0x134 /Users/fid/ecp5-toolchain/bin/../lib/gcc/riscv64-unknown-elf/8.3.0/rv32imac/ilp32/libgcc.a(getf2.o)
 .debug_loc     0x0000000000003c7a      0x134 /Users/fid/ecp5-toolchain/bin/../lib/gcc/riscv64-unknown-elf/8.3.0/rv32imac/ilp32/libgcc.a(letf2.o)
 .debug_loc     0x0000000000003dae     0x8fad /Users/fid/ecp5-toolchain/bin/../lib/gcc/riscv64-unknown-elf/8.3.0/rv32imac/ilp32/libgcc.a(multf3.o)
 .debug_loc     0x000000000000cd5b     0x22af /Users/fid/ecp5-toolchain/bin/../lib/gcc/riscv64-unknown-elf/8.3.0/rv32imac/ilp32/libgcc.a(subtf3.o)
 .debug_loc     0x000000000000f00a      0x302 /Users/fid/ecp5-toolchain/bin/../lib/gcc/riscv64-unknown-elf/8.3.0/rv32imac/ilp32/libgcc.a(fixtfsi.o)
 .debug_loc     0x000000000000f30c      0x1f8 /Users/fid/ecp5-toolchain/bin/../lib/gcc/riscv64-unknown-elf/8.3.0/rv32imac/ilp32/libgcc.a(floatsitf.o)
 .debug_loc     0x000000000000f504      0x417 /Users/fid/ecp5-toolchain/bin/../lib/gcc/riscv64-unknown-elf/8.3.0/rv32imac/ilp32/libgcc.a(extenddftf2.o)
 .debug_loc     0x000000000000f91b      0x647 /Users/fid/ecp5-toolchain/bin/../lib/gcc/riscv64-unknown-elf/8.3.0/rv32imac/ilp32/libgcc.a(trunctfdf2.o)
 .debug_loc     0x000000000000ff62       0x6b /Users/fid/ecp5-toolchain/bin/../lib/gcc/riscv64-unknown-elf/8.3.0/rv32imac/ilp32/libgcc.a(_clzsi2.o)

.debug_aranges  0x0000000000000000      0x218
 .debug_aranges
                0x0000000000000000       0x20 /var/folders/x4/hzyyfx6s4kbc2d71lsj4_rzr0000gn/T//ccoXGLc2.ltrans0.ltrans.o
 .debug_aranges
                0x0000000000000020       0x20 build//apps-sdk/gloss//crt0.o
 .debug_aranges
                0x0000000000000040       0x20 /Users/fid/ecp5-toolchain/bin/../lib/gcc/riscv64-unknown-elf/8.3.0/rv32imac/ilp32/libgcc.a(_udivdi3.o)
 .debug_aranges
                0x0000000000000060       0x20 /Users/fid/ecp5-toolchain/bin/../lib/gcc/riscv64-unknown-elf/8.3.0/rv32imac/ilp32/libgcc.a(_umoddi3.o)
 .debug_aranges
                0x0000000000000080       0x20 /Users/fid/ecp5-toolchain/bin/../lib/gcc/riscv64-unknown-elf/8.3.0/rv32imac/ilp32/libgcc.a(divdf3.o)
 .debug_aranges
                0x00000000000000a0       0x20 /Users/fid/ecp5-toolchain/bin/../lib/gcc/riscv64-unknown-elf/8.3.0/rv32imac/ilp32/libgcc.a(muldf3.o)
 .debug_aranges
                0x00000000000000c0       0x20 /Users/fid/ecp5-toolchain/bin/../lib/gcc/riscv64-unknown-elf/8.3.0/rv32imac/ilp32/libgcc.a(eqtf2.o)
 .debug_aranges
                0x00000000000000e0       0x20 /Users/fid/ecp5-toolchain/bin/../lib/gcc/riscv64-unknown-elf/8.3.0/rv32imac/ilp32/libgcc.a(getf2.o)
 .debug_aranges
                0x0000000000000100       0x20 /Users/fid/ecp5-toolchain/bin/../lib/gcc/riscv64-unknown-elf/8.3.0/rv32imac/ilp32/libgcc.a(letf2.o)
 .debug_aranges
                0x0000000000000120       0x20 /Users/fid/ecp5-toolchain/bin/../lib/gcc/riscv64-unknown-elf/8.3.0/rv32imac/ilp32/libgcc.a(multf3.o)
 .debug_aranges
                0x0000000000000140       0x20 /Users/fid/ecp5-toolchain/bin/../lib/gcc/riscv64-unknown-elf/8.3.0/rv32imac/ilp32/libgcc.a(subtf3.o)
 .debug_aranges
                0x0000000000000160       0x20 /Users/fid/ecp5-toolchain/bin/../lib/gcc/riscv64-unknown-elf/8.3.0/rv32imac/ilp32/libgcc.a(fixtfsi.o)
 .debug_aranges
                0x0000000000000180       0x20 /Users/fid/ecp5-toolchain/bin/../lib/gcc/riscv64-unknown-elf/8.3.0/rv32imac/ilp32/libgcc.a(floatsitf.o)
 .debug_aranges
                0x00000000000001a0       0x20 /Users/fid/ecp5-toolchain/bin/../lib/gcc/riscv64-unknown-elf/8.3.0/rv32imac/ilp32/libgcc.a(extenddftf2.o)
 .debug_aranges
                0x00000000000001c0       0x20 /Users/fid/ecp5-toolchain/bin/../lib/gcc/riscv64-unknown-elf/8.3.0/rv32imac/ilp32/libgcc.a(trunctfdf2.o)
 .debug_aranges
                0x00000000000001e0       0x18 /Users/fid/ecp5-toolchain/bin/../lib/gcc/riscv64-unknown-elf/8.3.0/rv32imac/ilp32/libgcc.a(_clz.o)
 .debug_aranges
                0x00000000000001f8       0x20 /Users/fid/ecp5-toolchain/bin/../lib/gcc/riscv64-unknown-elf/8.3.0/rv32imac/ilp32/libgcc.a(_clzsi2.o)

.debug_ranges   0x0000000000000000     0x13c0
 .debug_ranges  0x0000000000000000       0x90 /var/folders/x4/hzyyfx6s4kbc2d71lsj4_rzr0000gn/T//ccoXGLc2.ltrans0.ltrans.o
 .debug_ranges  0x0000000000000090      0x100 /Users/fid/ecp5-toolchain/bin/../lib/gcc/riscv64-unknown-elf/8.3.0/rv32imac/ilp32/libgcc.a(_udivdi3.o)
 .debug_ranges  0x0000000000000190       0xd0 /Users/fid/ecp5-toolchain/bin/../lib/gcc/riscv64-unknown-elf/8.3.0/rv32imac/ilp32/libgcc.a(_umoddi3.o)
 .debug_ranges  0x0000000000000260      0x180 /Users/fid/ecp5-toolchain/bin/../lib/gcc/riscv64-unknown-elf/8.3.0/rv32imac/ilp32/libgcc.a(divdf3.o)
 .debug_ranges  0x00000000000003e0      0x1c0 /Users/fid/ecp5-toolchain/bin/../lib/gcc/riscv64-unknown-elf/8.3.0/rv32imac/ilp32/libgcc.a(muldf3.o)
 .debug_ranges  0x00000000000005a0       0x58 /Users/fid/ecp5-toolchain/bin/../lib/gcc/riscv64-unknown-elf/8.3.0/rv32imac/ilp32/libgcc.a(eqtf2.o)
 .debug_ranges  0x00000000000005f8       0x78 /Users/fid/ecp5-toolchain/bin/../lib/gcc/riscv64-unknown-elf/8.3.0/rv32imac/ilp32/libgcc.a(getf2.o)
 .debug_ranges  0x0000000000000670       0x78 /Users/fid/ecp5-toolchain/bin/../lib/gcc/riscv64-unknown-elf/8.3.0/rv32imac/ilp32/libgcc.a(letf2.o)
 .debug_ranges  0x00000000000006e8      0x760 /Users/fid/ecp5-toolchain/bin/../lib/gcc/riscv64-unknown-elf/8.3.0/rv32imac/ilp32/libgcc.a(multf3.o)
 .debug_ranges  0x0000000000000e48      0x350 /Users/fid/ecp5-toolchain/bin/../lib/gcc/riscv64-unknown-elf/8.3.0/rv32imac/ilp32/libgcc.a(subtf3.o)
 .debug_ranges  0x0000000000001198       0x40 /Users/fid/ecp5-toolchain/bin/../lib/gcc/riscv64-unknown-elf/8.3.0/rv32imac/ilp32/libgcc.a(fixtfsi.o)
 .debug_ranges  0x00000000000011d8       0x58 /Users/fid/ecp5-toolchain/bin/../lib/gcc/riscv64-unknown-elf/8.3.0/rv32imac/ilp32/libgcc.a(floatsitf.o)
 .debug_ranges  0x0000000000001230       0x98 /Users/fid/ecp5-toolchain/bin/../lib/gcc/riscv64-unknown-elf/8.3.0/rv32imac/ilp32/libgcc.a(extenddftf2.o)
 .debug_ranges  0x00000000000012c8       0xd8 /Users/fid/ecp5-toolchain/bin/../lib/gcc/riscv64-unknown-elf/8.3.0/rv32imac/ilp32/libgcc.a(trunctfdf2.o)
 .debug_ranges  0x00000000000013a0       0x20 /Users/fid/ecp5-toolchain/bin/../lib/gcc/riscv64-unknown-elf/8.3.0/rv32imac/ilp32/libgcc.a(_clzsi2.o)

.comment        0x0000000000000000       0x28
 .comment       0x0000000000000000       0x29 /var/folders/x4/hzyyfx6s4kbc2d71lsj4_rzr0000gn/T//ccoXGLc2.ltrans0.ltrans.o
 .comment       0x0000000000000000       0x28 /Users/fid/ecp5-toolchain/bin/../lib/gcc/riscv64-unknown-elf/8.3.0/../../../../riscv64-unknown-elf/lib/rv32imac/ilp32/libc.a(lib_a-fopen.o)
                                         0x29 (size before relaxing)
 .comment       0x0000000000000028       0x29 /Users/fid/ecp5-toolchain/bin/../lib/gcc/riscv64-unknown-elf/8.3.0/../../../../riscv64-unknown-elf/lib/rv32imac/ilp32/libc.a(lib_a-fseek.o)
 .comment       0x0000000000000028       0x29 /Users/fid/ecp5-toolchain/bin/../lib/gcc/riscv64-unknown-elf/8.3.0/../../../../riscv64-unknown-elf/lib/rv32imac/ilp32/libc.a(lib_a-fseeko.o)
 .comment       0x0000000000000028       0x29 /Users/fid/ecp5-toolchain/bin/../lib/gcc/riscv64-unknown-elf/8.3.0/../../../../riscv64-unknown-elf/lib/rv32imac/ilp32/libc.a(lib_a-fstatr.o)
 .comment       0x0000000000000028       0x29 /Users/fid/ecp5-toolchain/bin/../lib/gcc/riscv64-unknown-elf/8.3.0/../../../../riscv64-unknown-elf/lib/rv32imac/ilp32/libc.a(lib_a-impure.o)
 .comment       0x0000000000000028       0x29 /Users/fid/ecp5-toolchain/bin/../lib/gcc/riscv64-unknown-elf/8.3.0/../../../../riscv64-unknown-elf/lib/rv32imac/ilp32/libc.a(lib_a-makebuf.o)
 .comment       0x0000000000000028       0x29 /Users/fid/ecp5-toolchain/bin/../lib/gcc/riscv64-unknown-elf/8.3.0/../../../../riscv64-unknown-elf/lib/rv32imac/ilp32/libc.a(lib_a-mallocr.o)
 .comment       0x0000000000000028       0x29 /Users/fid/ecp5-toolchain/bin/../lib/gcc/riscv64-unknown-elf/8.3.0/../../../../riscv64-unknown-elf/lib/rv32imac/ilp32/libc.a(lib_a-mlock.o)
 .comment       0x0000000000000028       0x29 /Users/fid/ecp5-toolchain/bin/../lib/gcc/riscv64-unknown-elf/8.3.0/../../../../riscv64-unknown-elf/lib/rv32imac/ilp32/libc.a(lib_a-openr.o)
 .comment       0x0000000000000028       0x29 /Users/fid/ecp5-toolchain/bin/../lib/gcc/riscv64-unknown-elf/8.3.0/../../../../riscv64-unknown-elf/lib/rv32imac/ilp32/libc.a(lib_a-rand.o)
 .comment       0x0000000000000028       0x29 /Users/fid/ecp5-toolchain/bin/../lib/gcc/riscv64-unknown-elf/8.3.0/../../../../riscv64-unknown-elf/lib/rv32imac/ilp32/libc.a(lib_a-reent.o)
 .comment       0x0000000000000028       0x29 /Users/fid/ecp5-toolchain/bin/../lib/gcc/riscv64-unknown-elf/8.3.0/../../../../riscv64-unknown-elf/lib/rv32imac/ilp32/libc.a(lib_a-refill.o)
 .comment       0x0000000000000028       0x29 /Users/fid/ecp5-toolchain/bin/../lib/gcc/riscv64-unknown-elf/8.3.0/../../../../riscv64-unknown-elf/lib/rv32imac/ilp32/libc.a(lib_a-sbrkr.o)
 .comment       0x0000000000000028       0x29 /Users/fid/ecp5-toolchain/bin/../lib/gcc/riscv64-unknown-elf/8.3.0/../../../../riscv64-unknown-elf/lib/rv32imac/ilp32/libc.a(lib_a-setvbuf.o)
 .comment       0x0000000000000028       0x29 /Users/fid/ecp5-toolchain/bin/../lib/gcc/riscv64-unknown-elf/8.3.0/../../../../riscv64-unknown-elf/lib/rv32imac/ilp32/libc.a(lib_a-stdio.o)
 .comment       0x0000000000000028       0x29 /Users/fid/ecp5-toolchain/bin/../lib/gcc/riscv64-unknown-elf/8.3.0/../../../../riscv64-unknown-elf/lib/rv32imac/ilp32/libc.a(lib_a-writer.o)
 .comment       0x0000000000000028       0x29 /Users/fid/ecp5-toolchain/bin/../lib/gcc/riscv64-unknown-elf/8.3.0/../../../../riscv64-unknown-elf/lib/rv32imac/ilp32/libc.a(lib_a-closer.o)
 .comment       0x0000000000000028       0x29 /Users/fid/ecp5-toolchain/bin/../lib/gcc/riscv64-unknown-elf/8.3.0/../../../../riscv64-unknown-elf/lib/rv32imac/ilp32/libc.a(lib_a-fflush.o)
 .comment       0x0000000000000028       0x29 /Users/fid/ecp5-toolchain/bin/../lib/gcc/riscv64-unknown-elf/8.3.0/../../../../riscv64-unknown-elf/lib/rv32imac/ilp32/libc.a(lib_a-findfp.o)
 .comment       0x0000000000000028       0x29 /Users/fid/ecp5-toolchain/bin/../lib/gcc/riscv64-unknown-elf/8.3.0/../../../../riscv64-unknown-elf/lib/rv32imac/ilp32/libc.a(lib_a-flags.o)
 .comment       0x0000000000000028       0x29 /Users/fid/ecp5-toolchain/bin/../lib/gcc/riscv64-unknown-elf/8.3.0/../../../../riscv64-unknown-elf/lib/rv32imac/ilp32/libc.a(lib_a-freer.o)
 .comment       0x0000000000000028       0x29 /Users/fid/ecp5-toolchain/bin/../lib/gcc/riscv64-unknown-elf/8.3.0/../../../../riscv64-unknown-elf/lib/rv32imac/ilp32/libc.a(lib_a-fwalk.o)
 .comment       0x0000000000000028       0x29 /Users/fid/ecp5-toolchain/bin/../lib/gcc/riscv64-unknown-elf/8.3.0/../../../../riscv64-unknown-elf/lib/rv32imac/ilp32/libc.a(lib_a-isattyr.o)
 .comment       0x0000000000000028       0x29 /Users/fid/ecp5-toolchain/bin/../lib/gcc/riscv64-unknown-elf/8.3.0/../../../../riscv64-unknown-elf/lib/rv32imac/ilp32/libc.a(lib_a-lseekr.o)
 .comment       0x0000000000000028       0x29 /Users/fid/ecp5-toolchain/bin/../lib/gcc/riscv64-unknown-elf/8.3.0/../../../../riscv64-unknown-elf/lib/rv32imac/ilp32/libc.a(lib_a-malloc.o)
 .comment       0x0000000000000028       0x29 /Users/fid/ecp5-toolchain/bin/../lib/gcc/riscv64-unknown-elf/8.3.0/../../../../riscv64-unknown-elf/lib/rv32imac/ilp32/libc.a(lib_a-readr.o)
 .comment       0x0000000000000028       0x29 /Users/fid/ecp5-toolchain/bin/../lib/gcc/riscv64-unknown-elf/8.3.0/../../../../riscv64-unknown-elf/lib/rv32imac/ilp32/libc.a(lib_a-fclose.o)
 .comment       0x0000000000000028       0x29 /Users/fid/ecp5-toolchain/bin/../lib/gcc/riscv64-unknown-elf/8.3.0/../../../../riscv64-unknown-elf/lib/rv32imac/ilp32/libc.a(lib_a-calloc.o)
 .comment       0x0000000000000028       0x29 /Users/fid/ecp5-toolchain/bin/../lib/gcc/riscv64-unknown-elf/8.3.0/../../../../riscv64-unknown-elf/lib/rv32imac/ilp32/libc.a(lib_a-callocr.o)
 .comment       0x0000000000000028       0x29 /Users/fid/ecp5-toolchain/bin/../lib/gcc/riscv64-unknown-elf/8.3.0/../../../../riscv64-unknown-elf/lib/rv32imac/ilp32/libc.a(lib_a-fputc.o)
 .comment       0x0000000000000028       0x29 /Users/fid/ecp5-toolchain/bin/../lib/gcc/riscv64-unknown-elf/8.3.0/../../../../riscv64-unknown-elf/lib/rv32imac/ilp32/libc.a(lib_a-fputs.o)
 .comment       0x0000000000000028       0x29 /Users/fid/ecp5-toolchain/bin/../lib/gcc/riscv64-unknown-elf/8.3.0/../../../../riscv64-unknown-elf/lib/rv32imac/ilp32/libc.a(lib_a-fvwrite.o)
 .comment       0x0000000000000028       0x29 /Users/fid/ecp5-toolchain/bin/../lib/gcc/riscv64-unknown-elf/8.3.0/../../../../riscv64-unknown-elf/lib/rv32imac/ilp32/libc.a(lib_a-memchr.o)
 .comment       0x0000000000000028       0x29 /Users/fid/ecp5-toolchain/bin/../lib/gcc/riscv64-unknown-elf/8.3.0/../../../../riscv64-unknown-elf/lib/rv32imac/ilp32/libc.a(lib_a-memcpy.o)
 .comment       0x0000000000000028       0x29 /Users/fid/ecp5-toolchain/bin/../lib/gcc/riscv64-unknown-elf/8.3.0/../../../../riscv64-unknown-elf/lib/rv32imac/ilp32/libc.a(lib_a-memmove-stub.o)
 .comment       0x0000000000000028       0x29 /Users/fid/ecp5-toolchain/bin/../lib/gcc/riscv64-unknown-elf/8.3.0/../../../../riscv64-unknown-elf/lib/rv32imac/ilp32/libc.a(lib_a-printf.o)
 .comment       0x0000000000000028       0x29 /Users/fid/ecp5-toolchain/bin/../lib/gcc/riscv64-unknown-elf/8.3.0/../../../../riscv64-unknown-elf/lib/rv32imac/ilp32/libc.a(lib_a-putc.o)
 .comment       0x0000000000000028       0x29 /Users/fid/ecp5-toolchain/bin/../lib/gcc/riscv64-unknown-elf/8.3.0/../../../../riscv64-unknown-elf/lib/rv32imac/ilp32/libc.a(lib_a-puts.o)
 .comment       0x0000000000000028       0x29 /Users/fid/ecp5-toolchain/bin/../lib/gcc/riscv64-unknown-elf/8.3.0/../../../../riscv64-unknown-elf/lib/rv32imac/ilp32/libc.a(lib_a-realloc.o)
 .comment       0x0000000000000028       0x29 /Users/fid/ecp5-toolchain/bin/../lib/gcc/riscv64-unknown-elf/8.3.0/../../../../riscv64-unknown-elf/lib/rv32imac/ilp32/libc.a(lib_a-reallocr.o)
 .comment       0x0000000000000028       0x29 /Users/fid/ecp5-toolchain/bin/../lib/gcc/riscv64-unknown-elf/8.3.0/../../../../riscv64-unknown-elf/lib/rv32imac/ilp32/libc.a(lib_a-strlen.o)
 .comment       0x0000000000000028       0x29 /Users/fid/ecp5-toolchain/bin/../lib/gcc/riscv64-unknown-elf/8.3.0/../../../../riscv64-unknown-elf/lib/rv32imac/ilp32/libc.a(lib_a-vfprintf.o)
 .comment       0x0000000000000028       0x29 /Users/fid/ecp5-toolchain/bin/../lib/gcc/riscv64-unknown-elf/8.3.0/../../../../riscv64-unknown-elf/lib/rv32imac/ilp32/libc.a(lib_a-wbuf.o)
 .comment       0x0000000000000028       0x29 /Users/fid/ecp5-toolchain/bin/../lib/gcc/riscv64-unknown-elf/8.3.0/../../../../riscv64-unknown-elf/lib/rv32imac/ilp32/libc.a(lib_a-wsetup.o)
 .comment       0x0000000000000028       0x29 /Users/fid/ecp5-toolchain/bin/../lib/gcc/riscv64-unknown-elf/8.3.0/../../../../riscv64-unknown-elf/lib/rv32imac/ilp32/libc.a(lib_a-ldtoa.o)
 .comment       0x0000000000000028       0x29 /Users/fid/ecp5-toolchain/bin/../lib/gcc/riscv64-unknown-elf/8.3.0/../../../../riscv64-unknown-elf/lib/rv32imac/ilp32/libc.a(lib_a-localeconv.o)
 .comment       0x0000000000000028       0x29 /Users/fid/ecp5-toolchain/bin/../lib/gcc/riscv64-unknown-elf/8.3.0/../../../../riscv64-unknown-elf/lib/rv32imac/ilp32/libc.a(lib_a-mprec.o)
 .comment       0x0000000000000028       0x29 /Users/fid/ecp5-toolchain/bin/../lib/gcc/riscv64-unknown-elf/8.3.0/../../../../riscv64-unknown-elf/lib/rv32imac/ilp32/libc.a(lib_a-s_frexp.o)
 .comment       0x0000000000000028       0x29 /Users/fid/ecp5-toolchain/bin/../lib/gcc/riscv64-unknown-elf/8.3.0/../../../../riscv64-unknown-elf/lib/rv32imac/ilp32/libc.a(lib_a-sprintf.o)
 .comment       0x0000000000000028       0x29 /Users/fid/ecp5-toolchain/bin/../lib/gcc/riscv64-unknown-elf/8.3.0/../../../../riscv64-unknown-elf/lib/rv32imac/ilp32/libc.a(lib_a-strcpy.o)
 .comment       0x0000000000000028       0x29 /Users/fid/ecp5-toolchain/bin/../lib/gcc/riscv64-unknown-elf/8.3.0/../../../../riscv64-unknown-elf/lib/rv32imac/ilp32/libc.a(lib_a-strncpy.o)
 .comment       0x0000000000000028       0x29 /Users/fid/ecp5-toolchain/bin/../lib/gcc/riscv64-unknown-elf/8.3.0/../../../../riscv64-unknown-elf/lib/rv32imac/ilp32/libc.a(lib_a-svfprintf.o)
 .comment       0x0000000000000028       0x29 /Users/fid/ecp5-toolchain/bin/../lib/gcc/riscv64-unknown-elf/8.3.0/../../../../riscv64-unknown-elf/lib/rv32imac/ilp32/libc.a(lib_a-vfiprintf.o)
 .comment       0x0000000000000028       0x29 /Users/fid/ecp5-toolchain/bin/../lib/gcc/riscv64-unknown-elf/8.3.0/../../../../riscv64-unknown-elf/lib/rv32imac/ilp32/libc.a(lib_a-fputwc.o)
 .comment       0x0000000000000028       0x29 /Users/fid/ecp5-toolchain/bin/../lib/gcc/riscv64-unknown-elf/8.3.0/../../../../riscv64-unknown-elf/lib/rv32imac/ilp32/libc.a(lib_a-locale.o)
 .comment       0x0000000000000028       0x29 /Users/fid/ecp5-toolchain/bin/../lib/gcc/riscv64-unknown-elf/8.3.0/../../../../riscv64-unknown-elf/lib/rv32imac/ilp32/libc.a(lib_a-mbtowc_r.o)
 .comment       0x0000000000000028       0x29 /Users/fid/ecp5-toolchain/bin/../lib/gcc/riscv64-unknown-elf/8.3.0/../../../../riscv64-unknown-elf/lib/rv32imac/ilp32/libc.a(lib_a-svfiprintf.o)
 .comment       0x0000000000000028       0x29 /Users/fid/ecp5-toolchain/bin/../lib/gcc/riscv64-unknown-elf/8.3.0/../../../../riscv64-unknown-elf/lib/rv32imac/ilp32/libc.a(lib_a-wcrtomb.o)
 .comment       0x0000000000000028       0x29 /Users/fid/ecp5-toolchain/bin/../lib/gcc/riscv64-unknown-elf/8.3.0/../../../../riscv64-unknown-elf/lib/rv32imac/ilp32/libc.a(lib_a-wctomb_r.o)
 .comment       0x0000000000000028       0x29 /Users/fid/ecp5-toolchain/bin/../lib/gcc/riscv64-unknown-elf/8.3.0/../../../../riscv64-unknown-elf/lib/rv32imac/ilp32/libc.a(lib_a-ctype_.o)
 .comment       0x0000000000000028       0x29 /Users/fid/ecp5-toolchain/bin/../lib/gcc/riscv64-unknown-elf/8.3.0/rv32imac/ilp32/libgcc.a(_udivdi3.o)
 .comment       0x0000000000000028       0x29 /Users/fid/ecp5-toolchain/bin/../lib/gcc/riscv64-unknown-elf/8.3.0/rv32imac/ilp32/libgcc.a(_umoddi3.o)
 .comment       0x0000000000000028       0x29 /Users/fid/ecp5-toolchain/bin/../lib/gcc/riscv64-unknown-elf/8.3.0/rv32imac/ilp32/libgcc.a(divdf3.o)
 .comment       0x0000000000000028       0x29 /Users/fid/ecp5-toolchain/bin/../lib/gcc/riscv64-unknown-elf/8.3.0/rv32imac/ilp32/libgcc.a(muldf3.o)
 .comment       0x0000000000000028       0x29 /Users/fid/ecp5-toolchain/bin/../lib/gcc/riscv64-unknown-elf/8.3.0/rv32imac/ilp32/libgcc.a(eqtf2.o)
 .comment       0x0000000000000028       0x29 /Users/fid/ecp5-toolchain/bin/../lib/gcc/riscv64-unknown-elf/8.3.0/rv32imac/ilp32/libgcc.a(getf2.o)
 .comment       0x0000000000000028       0x29 /Users/fid/ecp5-toolchain/bin/../lib/gcc/riscv64-unknown-elf/8.3.0/rv32imac/ilp32/libgcc.a(letf2.o)
 .comment       0x0000000000000028       0x29 /Users/fid/ecp5-toolchain/bin/../lib/gcc/riscv64-unknown-elf/8.3.0/rv32imac/ilp32/libgcc.a(multf3.o)
 .comment       0x0000000000000028       0x29 /Users/fid/ecp5-toolchain/bin/../lib/gcc/riscv64-unknown-elf/8.3.0/rv32imac/ilp32/libgcc.a(subtf3.o)
 .comment       0x0000000000000028       0x29 /Users/fid/ecp5-toolchain/bin/../lib/gcc/riscv64-unknown-elf/8.3.0/rv32imac/ilp32/libgcc.a(fixtfsi.o)
 .comment       0x0000000000000028       0x29 /Users/fid/ecp5-toolchain/bin/../lib/gcc/riscv64-unknown-elf/8.3.0/rv32imac/ilp32/libgcc.a(floatsitf.o)
 .comment       0x0000000000000028       0x29 /Users/fid/ecp5-toolchain/bin/../lib/gcc/riscv64-unknown-elf/8.3.0/rv32imac/ilp32/libgcc.a(extenddftf2.o)
 .comment       0x0000000000000028       0x29 /Users/fid/ecp5-toolchain/bin/../lib/gcc/riscv64-unknown-elf/8.3.0/rv32imac/ilp32/libgcc.a(trunctfdf2.o)
 .comment       0x0000000000000028       0x29 /Users/fid/ecp5-toolchain/bin/../lib/gcc/riscv64-unknown-elf/8.3.0/rv32imac/ilp32/libgcc.a(_clz.o)
 .comment       0x0000000000000028       0x29 /Users/fid/ecp5-toolchain/bin/../lib/gcc/riscv64-unknown-elf/8.3.0/rv32imac/ilp32/libgcc.a(_clzsi2.o)

.riscv.attributes
                0x0000000000000000       0x2b
 .riscv.attributes
                0x0000000000000000       0x2b /var/folders/x4/hzyyfx6s4kbc2d71lsj4_rzr0000gn/T//ccoXGLc2.ltrans0.ltrans.o
 .riscv.attributes
                0x000000000000002b       0x29 build//apps-sdk/gloss//crt0.o
 .riscv.attributes
                0x0000000000000054       0x2b /Users/fid/ecp5-toolchain/bin/../lib/gcc/riscv64-unknown-elf/8.3.0/../../../../riscv64-unknown-elf/lib/rv32imac/ilp32/libc.a(lib_a-fopen.o)
 .riscv.attributes
                0x000000000000007f       0x2b /Users/fid/ecp5-toolchain/bin/../lib/gcc/riscv64-unknown-elf/8.3.0/../../../../riscv64-unknown-elf/lib/rv32imac/ilp32/libc.a(lib_a-fseek.o)
 .riscv.attributes
                0x00000000000000aa       0x2b /Users/fid/ecp5-toolchain/bin/../lib/gcc/riscv64-unknown-elf/8.3.0/../../../../riscv64-unknown-elf/lib/rv32imac/ilp32/libc.a(lib_a-fseeko.o)
 .riscv.attributes
                0x00000000000000d5       0x2b /Users/fid/ecp5-toolchain/bin/../lib/gcc/riscv64-unknown-elf/8.3.0/../../../../riscv64-unknown-elf/lib/rv32imac/ilp32/libc.a(lib_a-fstatr.o)
 .riscv.attributes
                0x0000000000000100       0x2b /Users/fid/ecp5-toolchain/bin/../lib/gcc/riscv64-unknown-elf/8.3.0/../../../../riscv64-unknown-elf/lib/rv32imac/ilp32/libc.a(lib_a-impure.o)
 .riscv.attributes
                0x000000000000012b       0x2b /Users/fid/ecp5-toolchain/bin/../lib/gcc/riscv64-unknown-elf/8.3.0/../../../../riscv64-unknown-elf/lib/rv32imac/ilp32/libc.a(lib_a-makebuf.o)
 .riscv.attributes
                0x0000000000000156       0x2b /Users/fid/ecp5-toolchain/bin/../lib/gcc/riscv64-unknown-elf/8.3.0/../../../../riscv64-unknown-elf/lib/rv32imac/ilp32/libc.a(lib_a-mallocr.o)
 .riscv.attributes
                0x0000000000000181       0x29 /Users/fid/ecp5-toolchain/bin/../lib/gcc/riscv64-unknown-elf/8.3.0/../../../../riscv64-unknown-elf/lib/rv32imac/ilp32/libc.a(lib_a-memset.o)
 .riscv.attributes
                0x00000000000001aa       0x2b /Users/fid/ecp5-toolchain/bin/../lib/gcc/riscv64-unknown-elf/8.3.0/../../../../riscv64-unknown-elf/lib/rv32imac/ilp32/libc.a(lib_a-mlock.o)
 .riscv.attributes
                0x00000000000001d5       0x2b /Users/fid/ecp5-toolchain/bin/../lib/gcc/riscv64-unknown-elf/8.3.0/../../../../riscv64-unknown-elf/lib/rv32imac/ilp32/libc.a(lib_a-openr.o)
 .riscv.attributes
                0x0000000000000200       0x2b /Users/fid/ecp5-toolchain/bin/../lib/gcc/riscv64-unknown-elf/8.3.0/../../../../riscv64-unknown-elf/lib/rv32imac/ilp32/libc.a(lib_a-rand.o)
 .riscv.attributes
                0x000000000000022b       0x2b /Users/fid/ecp5-toolchain/bin/../lib/gcc/riscv64-unknown-elf/8.3.0/../../../../riscv64-unknown-elf/lib/rv32imac/ilp32/libc.a(lib_a-reent.o)
 .riscv.attributes
                0x0000000000000256       0x2b /Users/fid/ecp5-toolchain/bin/../lib/gcc/riscv64-unknown-elf/8.3.0/../../../../riscv64-unknown-elf/lib/rv32imac/ilp32/libc.a(lib_a-refill.o)
 .riscv.attributes
                0x0000000000000281       0x2b /Users/fid/ecp5-toolchain/bin/../lib/gcc/riscv64-unknown-elf/8.3.0/../../../../riscv64-unknown-elf/lib/rv32imac/ilp32/libc.a(lib_a-sbrkr.o)
 .riscv.attributes
                0x00000000000002ac       0x2b /Users/fid/ecp5-toolchain/bin/../lib/gcc/riscv64-unknown-elf/8.3.0/../../../../riscv64-unknown-elf/lib/rv32imac/ilp32/libc.a(lib_a-setvbuf.o)
 .riscv.attributes
                0x00000000000002d7       0x2b /Users/fid/ecp5-toolchain/bin/../lib/gcc/riscv64-unknown-elf/8.3.0/../../../../riscv64-unknown-elf/lib/rv32imac/ilp32/libc.a(lib_a-stdio.o)
 .riscv.attributes
                0x0000000000000302       0x2b /Users/fid/ecp5-toolchain/bin/../lib/gcc/riscv64-unknown-elf/8.3.0/../../../../riscv64-unknown-elf/lib/rv32imac/ilp32/libc.a(lib_a-writer.o)
 .riscv.attributes
                0x000000000000032d       0x2b /Users/fid/ecp5-toolchain/bin/../lib/gcc/riscv64-unknown-elf/8.3.0/../../../../riscv64-unknown-elf/lib/rv32imac/ilp32/libc.a(lib_a-closer.o)
 .riscv.attributes
                0x0000000000000358       0x2b /Users/fid/ecp5-toolchain/bin/../lib/gcc/riscv64-unknown-elf/8.3.0/../../../../riscv64-unknown-elf/lib/rv32imac/ilp32/libc.a(lib_a-fflush.o)
 .riscv.attributes
                0x0000000000000383       0x2b /Users/fid/ecp5-toolchain/bin/../lib/gcc/riscv64-unknown-elf/8.3.0/../../../../riscv64-unknown-elf/lib/rv32imac/ilp32/libc.a(lib_a-findfp.o)
 .riscv.attributes
                0x00000000000003ae       0x2b /Users/fid/ecp5-toolchain/bin/../lib/gcc/riscv64-unknown-elf/8.3.0/../../../../riscv64-unknown-elf/lib/rv32imac/ilp32/libc.a(lib_a-flags.o)
 .riscv.attributes
                0x00000000000003d9       0x2b /Users/fid/ecp5-toolchain/bin/../lib/gcc/riscv64-unknown-elf/8.3.0/../../../../riscv64-unknown-elf/lib/rv32imac/ilp32/libc.a(lib_a-freer.o)
 .riscv.attributes
                0x0000000000000404       0x2b /Users/fid/ecp5-toolchain/bin/../lib/gcc/riscv64-unknown-elf/8.3.0/../../../../riscv64-unknown-elf/lib/rv32imac/ilp32/libc.a(lib_a-fwalk.o)
 .riscv.attributes
                0x000000000000042f       0x2b /Users/fid/ecp5-toolchain/bin/../lib/gcc/riscv64-unknown-elf/8.3.0/../../../../riscv64-unknown-elf/lib/rv32imac/ilp32/libc.a(lib_a-isattyr.o)
 .riscv.attributes
                0x000000000000045a       0x2b /Users/fid/ecp5-toolchain/bin/../lib/gcc/riscv64-unknown-elf/8.3.0/../../../../riscv64-unknown-elf/lib/rv32imac/ilp32/libc.a(lib_a-lseekr.o)
 .riscv.attributes
                0x0000000000000485       0x2b /Users/fid/ecp5-toolchain/bin/../lib/gcc/riscv64-unknown-elf/8.3.0/../../../../riscv64-unknown-elf/lib/rv32imac/ilp32/libc.a(lib_a-malloc.o)
 .riscv.attributes
                0x00000000000004b0       0x2b /Users/fid/ecp5-toolchain/bin/../lib/gcc/riscv64-unknown-elf/8.3.0/../../../../riscv64-unknown-elf/lib/rv32imac/ilp32/libc.a(lib_a-readr.o)
 .riscv.attributes
                0x00000000000004db       0x2b /Users/fid/ecp5-toolchain/bin/../lib/gcc/riscv64-unknown-elf/8.3.0/../../../../riscv64-unknown-elf/lib/rv32imac/ilp32/libc.a(lib_a-fclose.o)
 .riscv.attributes
                0x0000000000000506       0x2b /Users/fid/ecp5-toolchain/bin/../lib/gcc/riscv64-unknown-elf/8.3.0/../../../../riscv64-unknown-elf/lib/rv32imac/ilp32/libc.a(lib_a-calloc.o)
 .riscv.attributes
                0x0000000000000531       0x2b /Users/fid/ecp5-toolchain/bin/../lib/gcc/riscv64-unknown-elf/8.3.0/../../../../riscv64-unknown-elf/lib/rv32imac/ilp32/libc.a(lib_a-callocr.o)
 .riscv.attributes
                0x000000000000055c       0x2b /Users/fid/ecp5-toolchain/bin/../lib/gcc/riscv64-unknown-elf/8.3.0/../../../../riscv64-unknown-elf/lib/rv32imac/ilp32/libc.a(lib_a-fputc.o)
 .riscv.attributes
                0x0000000000000587       0x2b /Users/fid/ecp5-toolchain/bin/../lib/gcc/riscv64-unknown-elf/8.3.0/../../../../riscv64-unknown-elf/lib/rv32imac/ilp32/libc.a(lib_a-fputs.o)
 .riscv.attributes
                0x00000000000005b2       0x2b /Users/fid/ecp5-toolchain/bin/../lib/gcc/riscv64-unknown-elf/8.3.0/../../../../riscv64-unknown-elf/lib/rv32imac/ilp32/libc.a(lib_a-fvwrite.o)
 .riscv.attributes
                0x00000000000005dd       0x2b /Users/fid/ecp5-toolchain/bin/../lib/gcc/riscv64-unknown-elf/8.3.0/../../../../riscv64-unknown-elf/lib/rv32imac/ilp32/libc.a(lib_a-memchr.o)
 .riscv.attributes
                0x0000000000000608       0x2b /Users/fid/ecp5-toolchain/bin/../lib/gcc/riscv64-unknown-elf/8.3.0/../../../../riscv64-unknown-elf/lib/rv32imac/ilp32/libc.a(lib_a-memcpy.o)
 .riscv.attributes
                0x0000000000000633       0x2b /Users/fid/ecp5-toolchain/bin/../lib/gcc/riscv64-unknown-elf/8.3.0/../../../../riscv64-unknown-elf/lib/rv32imac/ilp32/libc.a(lib_a-memmove-stub.o)
 .riscv.attributes
                0x000000000000065e       0x2b /Users/fid/ecp5-toolchain/bin/../lib/gcc/riscv64-unknown-elf/8.3.0/../../../../riscv64-unknown-elf/lib/rv32imac/ilp32/libc.a(lib_a-printf.o)
 .riscv.attributes
                0x0000000000000689       0x2b /Users/fid/ecp5-toolchain/bin/../lib/gcc/riscv64-unknown-elf/8.3.0/../../../../riscv64-unknown-elf/lib/rv32imac/ilp32/libc.a(lib_a-putc.o)
 .riscv.attributes
                0x00000000000006b4       0x2b /Users/fid/ecp5-toolchain/bin/../lib/gcc/riscv64-unknown-elf/8.3.0/../../../../riscv64-unknown-elf/lib/rv32imac/ilp32/libc.a(lib_a-puts.o)
 .riscv.attributes
                0x00000000000006df       0x2b /Users/fid/ecp5-toolchain/bin/../lib/gcc/riscv64-unknown-elf/8.3.0/../../../../riscv64-unknown-elf/lib/rv32imac/ilp32/libc.a(lib_a-realloc.o)
 .riscv.attributes
                0x000000000000070a       0x2b /Users/fid/ecp5-toolchain/bin/../lib/gcc/riscv64-unknown-elf/8.3.0/../../../../riscv64-unknown-elf/lib/rv32imac/ilp32/libc.a(lib_a-reallocr.o)
 .riscv.attributes
                0x0000000000000735       0x2b /Users/fid/ecp5-toolchain/bin/../lib/gcc/riscv64-unknown-elf/8.3.0/../../../../riscv64-unknown-elf/lib/rv32imac/ilp32/libc.a(lib_a-strlen.o)
 .riscv.attributes
                0x0000000000000760       0x2b /Users/fid/ecp5-toolchain/bin/../lib/gcc/riscv64-unknown-elf/8.3.0/../../../../riscv64-unknown-elf/lib/rv32imac/ilp32/libc.a(lib_a-vfprintf.o)
 .riscv.attributes
                0x000000000000078b       0x2b /Users/fid/ecp5-toolchain/bin/../lib/gcc/riscv64-unknown-elf/8.3.0/../../../../riscv64-unknown-elf/lib/rv32imac/ilp32/libc.a(lib_a-wbuf.o)
 .riscv.attributes
                0x00000000000007b6       0x2b /Users/fid/ecp5-toolchain/bin/../lib/gcc/riscv64-unknown-elf/8.3.0/../../../../riscv64-unknown-elf/lib/rv32imac/ilp32/libc.a(lib_a-wsetup.o)
 .riscv.attributes
                0x00000000000007e1       0x2b /Users/fid/ecp5-toolchain/bin/../lib/gcc/riscv64-unknown-elf/8.3.0/../../../../riscv64-unknown-elf/lib/rv32imac/ilp32/libc.a(lib_a-ldtoa.o)
 .riscv.attributes
                0x000000000000080c       0x2b /Users/fid/ecp5-toolchain/bin/../lib/gcc/riscv64-unknown-elf/8.3.0/../../../../riscv64-unknown-elf/lib/rv32imac/ilp32/libc.a(lib_a-localeconv.o)
 .riscv.attributes
                0x0000000000000837       0x2b /Users/fid/ecp5-toolchain/bin/../lib/gcc/riscv64-unknown-elf/8.3.0/../../../../riscv64-unknown-elf/lib/rv32imac/ilp32/libc.a(lib_a-mprec.o)
 .riscv.attributes
                0x0000000000000862       0x2b /Users/fid/ecp5-toolchain/bin/../lib/gcc/riscv64-unknown-elf/8.3.0/../../../../riscv64-unknown-elf/lib/rv32imac/ilp32/libc.a(lib_a-s_frexp.o)
 .riscv.attributes
                0x000000000000088d       0x2b /Users/fid/ecp5-toolchain/bin/../lib/gcc/riscv64-unknown-elf/8.3.0/../../../../riscv64-unknown-elf/lib/rv32imac/ilp32/libc.a(lib_a-sprintf.o)
 .riscv.attributes
                0x00000000000008b8       0x2b /Users/fid/ecp5-toolchain/bin/../lib/gcc/riscv64-unknown-elf/8.3.0/../../../../riscv64-unknown-elf/lib/rv32imac/ilp32/libc.a(lib_a-strcpy.o)
 .riscv.attributes
                0x00000000000008e3       0x2b /Users/fid/ecp5-toolchain/bin/../lib/gcc/riscv64-unknown-elf/8.3.0/../../../../riscv64-unknown-elf/lib/rv32imac/ilp32/libc.a(lib_a-strncpy.o)
 .riscv.attributes
                0x000000000000090e       0x2b /Users/fid/ecp5-toolchain/bin/../lib/gcc/riscv64-unknown-elf/8.3.0/../../../../riscv64-unknown-elf/lib/rv32imac/ilp32/libc.a(lib_a-svfprintf.o)
 .riscv.attributes
                0x0000000000000939       0x2b /Users/fid/ecp5-toolchain/bin/../lib/gcc/riscv64-unknown-elf/8.3.0/../../../../riscv64-unknown-elf/lib/rv32imac/ilp32/libc.a(lib_a-vfiprintf.o)
 .riscv.attributes
                0x0000000000000964       0x2b /Users/fid/ecp5-toolchain/bin/../lib/gcc/riscv64-unknown-elf/8.3.0/../../../../riscv64-unknown-elf/lib/rv32imac/ilp32/libc.a(lib_a-fputwc.o)
 .riscv.attributes
                0x000000000000098f       0x2b /Users/fid/ecp5-toolchain/bin/../lib/gcc/riscv64-unknown-elf/8.3.0/../../../../riscv64-unknown-elf/lib/rv32imac/ilp32/libc.a(lib_a-locale.o)
 .riscv.attributes
                0x00000000000009ba       0x2b /Users/fid/ecp5-toolchain/bin/../lib/gcc/riscv64-unknown-elf/8.3.0/../../../../riscv64-unknown-elf/lib/rv32imac/ilp32/libc.a(lib_a-mbtowc_r.o)
 .riscv.attributes
                0x00000000000009e5       0x29 /Users/fid/ecp5-toolchain/bin/../lib/gcc/riscv64-unknown-elf/8.3.0/../../../../riscv64-unknown-elf/lib/rv32imac/ilp32/libc.a(lib_a-strcmp.o)
 .riscv.attributes
                0x0000000000000a0e       0x2b /Users/fid/ecp5-toolchain/bin/../lib/gcc/riscv64-unknown-elf/8.3.0/../../../../riscv64-unknown-elf/lib/rv32imac/ilp32/libc.a(lib_a-svfiprintf.o)
 .riscv.attributes
                0x0000000000000a39       0x2b /Users/fid/ecp5-toolchain/bin/../lib/gcc/riscv64-unknown-elf/8.3.0/../../../../riscv64-unknown-elf/lib/rv32imac/ilp32/libc.a(lib_a-wcrtomb.o)
 .riscv.attributes
                0x0000000000000a64       0x2b /Users/fid/ecp5-toolchain/bin/../lib/gcc/riscv64-unknown-elf/8.3.0/../../../../riscv64-unknown-elf/lib/rv32imac/ilp32/libc.a(lib_a-wctomb_r.o)
 .riscv.attributes
                0x0000000000000a8f       0x2b /Users/fid/ecp5-toolchain/bin/../lib/gcc/riscv64-unknown-elf/8.3.0/../../../../riscv64-unknown-elf/lib/rv32imac/ilp32/libc.a(lib_a-ctype_.o)
 .riscv.attributes
                0x0000000000000aba       0x2b /Users/fid/ecp5-toolchain/bin/../lib/gcc/riscv64-unknown-elf/8.3.0/rv32imac/ilp32/libgcc.a(_udivdi3.o)
 .riscv.attributes
                0x0000000000000ae5       0x2b /Users/fid/ecp5-toolchain/bin/../lib/gcc/riscv64-unknown-elf/8.3.0/rv32imac/ilp32/libgcc.a(_umoddi3.o)
 .riscv.attributes
                0x0000000000000b10       0x2b /Users/fid/ecp5-toolchain/bin/../lib/gcc/riscv64-unknown-elf/8.3.0/rv32imac/ilp32/libgcc.a(divdf3.o)
 .riscv.attributes
                0x0000000000000b3b       0x2b /Users/fid/ecp5-toolchain/bin/../lib/gcc/riscv64-unknown-elf/8.3.0/rv32imac/ilp32/libgcc.a(muldf3.o)
 .riscv.attributes
                0x0000000000000b66       0x2b /Users/fid/ecp5-toolchain/bin/../lib/gcc/riscv64-unknown-elf/8.3.0/rv32imac/ilp32/libgcc.a(eqtf2.o)
 .riscv.attributes
                0x0000000000000b91       0x2b /Users/fid/ecp5-toolchain/bin/../lib/gcc/riscv64-unknown-elf/8.3.0/rv32imac/ilp32/libgcc.a(getf2.o)
 .riscv.attributes
                0x0000000000000bbc       0x2b /Users/fid/ecp5-toolchain/bin/../lib/gcc/riscv64-unknown-elf/8.3.0/rv32imac/ilp32/libgcc.a(letf2.o)
 .riscv.attributes
                0x0000000000000be7       0x2b /Users/fid/ecp5-toolchain/bin/../lib/gcc/riscv64-unknown-elf/8.3.0/rv32imac/ilp32/libgcc.a(multf3.o)
 .riscv.attributes
                0x0000000000000c12       0x2b /Users/fid/ecp5-toolchain/bin/../lib/gcc/riscv64-unknown-elf/8.3.0/rv32imac/ilp32/libgcc.a(subtf3.o)
 .riscv.attributes
                0x0000000000000c3d       0x2b /Users/fid/ecp5-toolchain/bin/../lib/gcc/riscv64-unknown-elf/8.3.0/rv32imac/ilp32/libgcc.a(fixtfsi.o)
 .riscv.attributes
                0x0000000000000c68       0x2b /Users/fid/ecp5-toolchain/bin/../lib/gcc/riscv64-unknown-elf/8.3.0/rv32imac/ilp32/libgcc.a(floatsitf.o)
 .riscv.attributes
                0x0000000000000c93       0x2b /Users/fid/ecp5-toolchain/bin/../lib/gcc/riscv64-unknown-elf/8.3.0/rv32imac/ilp32/libgcc.a(extenddftf2.o)
 .riscv.attributes
                0x0000000000000cbe       0x2b /Users/fid/ecp5-toolchain/bin/../lib/gcc/riscv64-unknown-elf/8.3.0/rv32imac/ilp32/libgcc.a(trunctfdf2.o)
 .riscv.attributes
                0x0000000000000ce9       0x2b /Users/fid/ecp5-toolchain/bin/../lib/gcc/riscv64-unknown-elf/8.3.0/rv32imac/ilp32/libgcc.a(_clz.o)
 .riscv.attributes
                0x0000000000000d14       0x2b /Users/fid/ecp5-toolchain/bin/../lib/gcc/riscv64-unknown-elf/8.3.0/rv32imac/ilp32/libgcc.a(_clzsi2.o)

.debug_frame    0x0000000000000000      0x350
 .debug_frame   0x0000000000000000       0x88 /var/folders/x4/hzyyfx6s4kbc2d71lsj4_rzr0000gn/T//ccoXGLc2.ltrans0.ltrans.o
 .debug_frame   0x0000000000000088       0x54 /Users/fid/ecp5-toolchain/bin/../lib/gcc/riscv64-unknown-elf/8.3.0/rv32imac/ilp32/libgcc.a(divdf3.o)
 .debug_frame   0x00000000000000dc       0x54 /Users/fid/ecp5-toolchain/bin/../lib/gcc/riscv64-unknown-elf/8.3.0/rv32imac/ilp32/libgcc.a(muldf3.o)
 .debug_frame   0x0000000000000130       0x2c /Users/fid/ecp5-toolchain/bin/../lib/gcc/riscv64-unknown-elf/8.3.0/rv32imac/ilp32/libgcc.a(eqtf2.o)
 .debug_frame   0x000000000000015c       0x2c /Users/fid/ecp5-toolchain/bin/../lib/gcc/riscv64-unknown-elf/8.3.0/rv32imac/ilp32/libgcc.a(getf2.o)
 .debug_frame   0x0000000000000188       0x2c /Users/fid/ecp5-toolchain/bin/../lib/gcc/riscv64-unknown-elf/8.3.0/rv32imac/ilp32/libgcc.a(letf2.o)
 .debug_frame   0x00000000000001b4       0x64 /Users/fid/ecp5-toolchain/bin/../lib/gcc/riscv64-unknown-elf/8.3.0/rv32imac/ilp32/libgcc.a(multf3.o)
 .debug_frame   0x0000000000000218       0x4c /Users/fid/ecp5-toolchain/bin/../lib/gcc/riscv64-unknown-elf/8.3.0/rv32imac/ilp32/libgcc.a(subtf3.o)
 .debug_frame   0x0000000000000264       0x2c /Users/fid/ecp5-toolchain/bin/../lib/gcc/riscv64-unknown-elf/8.3.0/rv32imac/ilp32/libgcc.a(fixtfsi.o)
 .debug_frame   0x0000000000000290       0x3c /Users/fid/ecp5-toolchain/bin/../lib/gcc/riscv64-unknown-elf/8.3.0/rv32imac/ilp32/libgcc.a(floatsitf.o)
 .debug_frame   0x00000000000002cc       0x38 /Users/fid/ecp5-toolchain/bin/../lib/gcc/riscv64-unknown-elf/8.3.0/rv32imac/ilp32/libgcc.a(extenddftf2.o)
 .debug_frame   0x0000000000000304       0x2c /Users/fid/ecp5-toolchain/bin/../lib/gcc/riscv64-unknown-elf/8.3.0/rv32imac/ilp32/libgcc.a(trunctfdf2.o)
 .debug_frame   0x0000000000000330       0x20 /Users/fid/ecp5-toolchain/bin/../lib/gcc/riscv64-unknown-elf/8.3.0/rv32imac/ilp32/libgcc.a(_clzsi2.o)
